02:59:48 **** Build of configuration Debug for project LCD_16X2_Driver ****
make -j8 all 
arm-none-eabi-gcc "../Drivers/STM32L4xx_HAL_Driver/Src/stm32l4xx_hal.c" -mcpu=cortex-m4 -std=gnu11 -g3 -DDEBUG -DUSE_HAL_DRIVER -DSTM32L476xx -c -I../Core/Inc -I../Drivers/STM32L4xx_HAL_Driver/Inc -I../Drivers/STM32L4xx_HAL_Driver/Inc/Legacy -I../Drivers/CMSIS/Device/ST/STM32L4xx/Include -I../Drivers/CMSIS/Include -O0 -ffunction-sections -fdata-sections -Wall -fstack-usage -fcyclomatic-complexity -MMD -MP -MF"Drivers/STM32L4xx_HAL_Driver/Src/stm32l4xx_hal.d" -MT"Drivers/STM32L4xx_HAL_Driver/Src/stm32l4xx_hal.o" --specs=nano.specs -mfpu=fpv4-sp-d16 -mfloat-abi=hard -mthumb -o "Drivers/STM32L4xx_HAL_Driver/Src/stm32l4xx_hal.o"
arm-none-eabi-gcc "../Drivers/STM32L4xx_HAL_Driver/Src/stm32l4xx_hal_cortex.c" -mcpu=cortex-m4 -std=gnu11 -g3 -DDEBUG -DUSE_HAL_DRIVER -DSTM32L476xx -c -I../Core/Inc -I../Drivers/STM32L4xx_HAL_Driver/Inc -I../Drivers/STM32L4xx_HAL_Driver/Inc/Legacy -I../Drivers/CMSIS/Device/ST/STM32L4xx/Include -I../Drivers/CMSIS/Include -O0 -ffunction-sections -fdata-sections -Wall -fstack-usage -fcyclomatic-complexity -MMD -MP -MF"Drivers/STM32L4xx_HAL_Driver/Src/stm32l4xx_hal_cortex.d" -MT"Drivers/STM32L4xx_HAL_Driver/Src/stm32l4xx_hal_cortex.o" --specs=nano.specs -mfpu=fpv4-sp-d16 -mfloat-abi=hard -mthumb -o "Drivers/STM32L4xx_HAL_Driver/Src/stm32l4xx_hal_cortex.o"
arm-none-eabi-gcc "../Drivers/STM32L4xx_HAL_Driver/Src/stm32l4xx_hal_dma.c" -mcpu=cortex-m4 -std=gnu11 -g3 -DDEBUG -DUSE_HAL_DRIVER -DSTM32L476xx -c -I../Core/Inc -I../Drivers/STM32L4xx_HAL_Driver/Inc -I../Drivers/STM32L4xx_HAL_Driver/Inc/Legacy -I../Drivers/CMSIS/Device/ST/STM32L4xx/Include -I../Drivers/CMSIS/Include -O0 -ffunction-sections -fdata-sections -Wall -fstack-usage -fcyclomatic-complexity -MMD -MP -MF"Drivers/STM32L4xx_HAL_Driver/Src/stm32l4xx_hal_dma.d" -MT"Drivers/STM32L4xx_HAL_Driver/Src/stm32l4xx_hal_dma.o" --specs=nano.specs -mfpu=fpv4-sp-d16 -mfloat-abi=hard -mthumb -o "Drivers/STM32L4xx_HAL_Driver/Src/stm32l4xx_hal_dma.o"
arm-none-eabi-gcc "../Drivers/STM32L4xx_HAL_Driver/Src/stm32l4xx_hal_dma_ex.c" -mcpu=cortex-m4 -std=gnu11 -g3 -DDEBUG -DUSE_HAL_DRIVER -DSTM32L476xx -c -I../Core/Inc -I../Drivers/STM32L4xx_HAL_Driver/Inc -I../Drivers/STM32L4xx_HAL_Driver/Inc/Legacy -I../Drivers/CMSIS/Device/ST/STM32L4xx/Include -I../Drivers/CMSIS/Include -O0 -ffunction-sections -fdata-sections -Wall -fstack-usage -fcyclomatic-complexity -MMD -MP -MF"Drivers/STM32L4xx_HAL_Driver/Src/stm32l4xx_hal_dma_ex.d" -MT"Drivers/STM32L4xx_HAL_Driver/Src/stm32l4xx_hal_dma_ex.o" --specs=nano.specs -mfpu=fpv4-sp-d16 -mfloat-abi=hard -mthumb -o "Drivers/STM32L4xx_HAL_Driver/Src/stm32l4xx_hal_dma_ex.o"
arm-none-eabi-gcc "../Drivers/STM32L4xx_HAL_Driver/Src/stm32l4xx_hal_exti.c" -mcpu=cortex-m4 -std=gnu11 -g3 -DDEBUG -DUSE_HAL_DRIVER -DSTM32L476xx -c -I../Core/Inc -I../Drivers/STM32L4xx_HAL_Driver/Inc -I../Drivers/STM32L4xx_HAL_Driver/Inc/Legacy -I../Drivers/CMSIS/Device/ST/STM32L4xx/Include -I../Drivers/CMSIS/Include -O0 -ffunction-sections -fdata-sections -Wall -fstack-usage -fcyclomatic-complexity -MMD -MP -MF"Drivers/STM32L4xx_HAL_Driver/Src/stm32l4xx_hal_exti.d" -MT"Drivers/STM32L4xx_HAL_Driver/Src/stm32l4xx_hal_exti.o" --specs=nano.specs -mfpu=fpv4-sp-d16 -mfloat-abi=hard -mthumb -o "Drivers/STM32L4xx_HAL_Driver/Src/stm32l4xx_hal_exti.o"
arm-none-eabi-gcc "../Drivers/STM32L4xx_HAL_Driver/Src/stm32l4xx_hal_flash.c" -mcpu=cortex-m4 -std=gnu11 -g3 -DDEBUG -DUSE_HAL_DRIVER -DSTM32L476xx -c -I../Core/Inc -I../Drivers/STM32L4xx_HAL_Driver/Inc -I../Drivers/STM32L4xx_HAL_Driver/Inc/Legacy -I../Drivers/CMSIS/Device/ST/STM32L4xx/Include -I../Drivers/CMSIS/Include -O0 -ffunction-sections -fdata-sections -Wall -fstack-usage -fcyclomatic-complexity -MMD -MP -MF"Drivers/STM32L4xx_HAL_Driver/Src/stm32l4xx_hal_flash.d" -MT"Drivers/STM32L4xx_HAL_Driver/Src/stm32l4xx_hal_flash.o" --specs=nano.specs -mfpu=fpv4-sp-d16 -mfloat-abi=hard -mthumb -o "Drivers/STM32L4xx_HAL_Driver/Src/stm32l4xx_hal_flash.o"
arm-none-eabi-gcc "../Drivers/STM32L4xx_HAL_Driver/Src/stm32l4xx_hal_flash_ex.c" -mcpu=cortex-m4 -std=gnu11 -g3 -DDEBUG -DUSE_HAL_DRIVER -DSTM32L476xx -c -I../Core/Inc -I../Drivers/STM32L4xx_HAL_Driver/Inc -I../Drivers/STM32L4xx_HAL_Driver/Inc/Legacy -I../Drivers/CMSIS/Device/ST/STM32L4xx/Include -I../Drivers/CMSIS/Include -O0 -ffunction-sections -fdata-sections -Wall -fstack-usage -fcyclomatic-complexity -MMD -MP -MF"Drivers/STM32L4xx_HAL_Driver/Src/stm32l4xx_hal_flash_ex.d" -MT"Drivers/STM32L4xx_HAL_Driver/Src/stm32l4xx_hal_flash_ex.o" --specs=nano.specs -mfpu=fpv4-sp-d16 -mfloat-abi=hard -mthumb -o "Drivers/STM32L4xx_HAL_Driver/Src/stm32l4xx_hal_flash_ex.o"
arm-none-eabi-gcc "../Drivers/STM32L4xx_HAL_Driver/Src/stm32l4xx_hal_flash_ramfunc.c" -mcpu=cortex-m4 -std=gnu11 -g3 -DDEBUG -DUSE_HAL_DRIVER -DSTM32L476xx -c -I../Core/Inc -I../Drivers/STM32L4xx_HAL_Driver/Inc -I../Drivers/STM32L4xx_HAL_Driver/Inc/Legacy -I../Drivers/CMSIS/Device/ST/STM32L4xx/Include -I../Drivers/CMSIS/Include -O0 -ffunction-sections -fdata-sections -Wall -fstack-usage -fcyclomatic-complexity -MMD -MP -MF"Drivers/STM32L4xx_HAL_Driver/Src/stm32l4xx_hal_flash_ramfunc.d" -MT"Drivers/STM32L4xx_HAL_Driver/Src/stm32l4xx_hal_flash_ramfunc.o" --specs=nano.specs -mfpu=fpv4-sp-d16 -mfloat-abi=hard -mthumb -o "Drivers/STM32L4xx_HAL_Driver/Src/stm32l4xx_hal_flash_ramfunc.o"
arm-none-eabi-gcc "../Drivers/STM32L4xx_HAL_Driver/Src/stm32l4xx_hal_gpio.c" -mcpu=cortex-m4 -std=gnu11 -g3 -DDEBUG -DUSE_HAL_DRIVER -DSTM32L476xx -c -I../Core/Inc -I../Drivers/STM32L4xx_HAL_Driver/Inc -I../Drivers/STM32L4xx_HAL_Driver/Inc/Legacy -I../Drivers/CMSIS/Device/ST/STM32L4xx/Include -I../Drivers/CMSIS/Include -O0 -ffunction-sections -fdata-sections -Wall -fstack-usage -fcyclomatic-complexity -MMD -MP -MF"Drivers/STM32L4xx_HAL_Driver/Src/stm32l4xx_hal_gpio.d" -MT"Drivers/STM32L4xx_HAL_Driver/Src/stm32l4xx_hal_gpio.o" --specs=nano.specs -mfpu=fpv4-sp-d16 -mfloat-abi=hard -mthumb -o "Drivers/STM32L4xx_HAL_Driver/Src/stm32l4xx_hal_gpio.o"
arm-none-eabi-gcc "../Drivers/STM32L4xx_HAL_Driver/Src/stm32l4xx_hal_pwr.c" -mcpu=cortex-m4 -std=gnu11 -g3 -DDEBUG -DUSE_HAL_DRIVER -DSTM32L476xx -c -I../Core/Inc -I../Drivers/STM32L4xx_HAL_Driver/Inc -I../Drivers/STM32L4xx_HAL_Driver/Inc/Legacy -I../Drivers/CMSIS/Device/ST/STM32L4xx/Include -I../Drivers/CMSIS/Include -O0 -ffunction-sections -fdata-sections -Wall -fstack-usage -fcyclomatic-complexity -MMD -MP -MF"Drivers/STM32L4xx_HAL_Driver/Src/stm32l4xx_hal_pwr.d" -MT"Drivers/STM32L4xx_HAL_Driver/Src/stm32l4xx_hal_pwr.o" --specs=nano.specs -mfpu=fpv4-sp-d16 -mfloat-abi=hard -mthumb -o "Drivers/STM32L4xx_HAL_Driver/Src/stm32l4xx_hal_pwr.o"
arm-none-eabi-gcc "../Drivers/STM32L4xx_HAL_Driver/Src/stm32l4xx_hal_pwr_ex.c" -mcpu=cortex-m4 -std=gnu11 -g3 -DDEBUG -DUSE_HAL_DRIVER -DSTM32L476xx -c -I../Core/Inc -I../Drivers/STM32L4xx_HAL_Driver/Inc -I../Drivers/STM32L4xx_HAL_Driver/Inc/Legacy -I../Drivers/CMSIS/Device/ST/STM32L4xx/Include -I../Drivers/CMSIS/Include -O0 -ffunction-sections -fdata-sections -Wall -fstack-usage -fcyclomatic-complexity -MMD -MP -MF"Drivers/STM32L4xx_HAL_Driver/Src/stm32l4xx_hal_pwr_ex.d" -MT"Drivers/STM32L4xx_HAL_Driver/Src/stm32l4xx_hal_pwr_ex.o" --specs=nano.specs -mfpu=fpv4-sp-d16 -mfloat-abi=hard -mthumb -o "Drivers/STM32L4xx_HAL_Driver/Src/stm32l4xx_hal_pwr_ex.o"
arm-none-eabi-gcc "../Drivers/STM32L4xx_HAL_Driver/Src/stm32l4xx_hal_rcc.c" -mcpu=cortex-m4 -std=gnu11 -g3 -DDEBUG -DUSE_HAL_DRIVER -DSTM32L476xx -c -I../Core/Inc -I../Drivers/STM32L4xx_HAL_Driver/Inc -I../Drivers/STM32L4xx_HAL_Driver/Inc/Legacy -I../Drivers/CMSIS/Device/ST/STM32L4xx/Include -I../Drivers/CMSIS/Include -O0 -ffunction-sections -fdata-sections -Wall -fstack-usage -fcyclomatic-complexity -MMD -MP -MF"Drivers/STM32L4xx_HAL_Driver/Src/stm32l4xx_hal_rcc.d" -MT"Drivers/STM32L4xx_HAL_Driver/Src/stm32l4xx_hal_rcc.o" --specs=nano.specs -mfpu=fpv4-sp-d16 -mfloat-abi=hard -mthumb -o "Drivers/STM32L4xx_HAL_Driver/Src/stm32l4xx_hal_rcc.o"
arm-none-eabi-gcc "../Drivers/STM32L4xx_HAL_Driver/Src/stm32l4xx_hal_rcc_ex.c" -mcpu=cortex-m4 -std=gnu11 -g3 -DDEBUG -DUSE_HAL_DRIVER -DSTM32L476xx -c -I../Core/Inc -I../Drivers/STM32L4xx_HAL_Driver/Inc -I../Drivers/STM32L4xx_HAL_Driver/Inc/Legacy -I../Drivers/CMSIS/Device/ST/STM32L4xx/Include -I../Drivers/CMSIS/Include -O0 -ffunction-sections -fdata-sections -Wall -fstack-usage -fcyclomatic-complexity -MMD -MP -MF"Drivers/STM32L4xx_HAL_Driver/Src/stm32l4xx_hal_rcc_ex.d" -MT"Drivers/STM32L4xx_HAL_Driver/Src/stm32l4xx_hal_rcc_ex.o" --specs=nano.specs -mfpu=fpv4-sp-d16 -mfloat-abi=hard -mthumb -o "Drivers/STM32L4xx_HAL_Driver/Src/stm32l4xx_hal_rcc_ex.o"
arm-none-eabi-gcc "../Drivers/STM32L4xx_HAL_Driver/Src/stm32l4xx_hal_tim.c" -mcpu=cortex-m4 -std=gnu11 -g3 -DDEBUG -DUSE_HAL_DRIVER -DSTM32L476xx -c -I../Core/Inc -I../Drivers/STM32L4xx_HAL_Driver/Inc -I../Drivers/STM32L4xx_HAL_Driver/Inc/Legacy -I../Drivers/CMSIS/Device/ST/STM32L4xx/Include -I../Drivers/CMSIS/Include -O0 -ffunction-sections -fdata-sections -Wall -fstack-usage -fcyclomatic-complexity -MMD -MP -MF"Drivers/STM32L4xx_HAL_Driver/Src/stm32l4xx_hal_tim.d" -MT"Drivers/STM32L4xx_HAL_Driver/Src/stm32l4xx_hal_tim.o" --specs=nano.specs -mfpu=fpv4-sp-d16 -mfloat-abi=hard -mthumb -o "Drivers/STM32L4xx_HAL_Driver/Src/stm32l4xx_hal_tim.o"
arm-none-eabi-gcc "../Drivers/STM32L4xx_HAL_Driver/Src/stm32l4xx_hal_tim_ex.c" -mcpu=cortex-m4 -std=gnu11 -g3 -DDEBUG -DUSE_HAL_DRIVER -DSTM32L476xx -c -I../Core/Inc -I../Drivers/STM32L4xx_HAL_Driver/Inc -I../Drivers/STM32L4xx_HAL_Driver/Inc/Legacy -I../Drivers/CMSIS/Device/ST/STM32L4xx/Include -I../Drivers/CMSIS/Include -O0 -ffunction-sections -fdata-sections -Wall -fstack-usage -fcyclomatic-complexity -MMD -MP -MF"Drivers/STM32L4xx_HAL_Driver/Src/stm32l4xx_hal_tim_ex.d" -MT"Drivers/STM32L4xx_HAL_Driver/Src/stm32l4xx_hal_tim_ex.o" --specs=nano.specs -mfpu=fpv4-sp-d16 -mfloat-abi=hard -mthumb -o "Drivers/STM32L4xx_HAL_Driver/Src/stm32l4xx_hal_tim_ex.o"
arm-none-eabi-gcc "../Drivers/STM32L4xx_HAL_Driver/Src/stm32l4xx_hal_uart.c" -mcpu=cortex-m4 -std=gnu11 -g3 -DDEBUG -DUSE_HAL_DRIVER -DSTM32L476xx -c -I../Core/Inc -I../Drivers/STM32L4xx_HAL_Driver/Inc -I../Drivers/STM32L4xx_HAL_Driver/Inc/Legacy -I../Drivers/CMSIS/Device/ST/STM32L4xx/Include -I../Drivers/CMSIS/Include -O0 -ffunction-sections -fdata-sections -Wall -fstack-usage -fcyclomatic-complexity -MMD -MP -MF"Drivers/STM32L4xx_HAL_Driver/Src/stm32l4xx_hal_uart.d" -MT"Drivers/STM32L4xx_HAL_Driver/Src/stm32l4xx_hal_uart.o" --specs=nano.specs -mfpu=fpv4-sp-d16 -mfloat-abi=hard -mthumb -o "Drivers/STM32L4xx_HAL_Driver/Src/stm32l4xx_hal_uart.o"
arm-none-eabi-gcc "../Drivers/STM32L4xx_HAL_Driver/Src/stm32l4xx_hal_uart_ex.c" -mcpu=cortex-m4 -std=gnu11 -g3 -DDEBUG -DUSE_HAL_DRIVER -DSTM32L476xx -c -I../Core/Inc -I../Drivers/STM32L4xx_HAL_Driver/Inc -I../Drivers/STM32L4xx_HAL_Driver/Inc/Legacy -I../Drivers/CMSIS/Device/ST/STM32L4xx/Include -I../Drivers/CMSIS/Include -O0 -ffunction-sections -fdata-sections -Wall -fstack-usage -fcyclomatic-complexity -MMD -MP -MF"Drivers/STM32L4xx_HAL_Driver/Src/stm32l4xx_hal_uart_ex.d" -MT"Drivers/STM32L4xx_HAL_Driver/Src/stm32l4xx_hal_uart_ex.o" --specs=nano.specs -mfpu=fpv4-sp-d16 -mfloat-abi=hard -mthumb -o "Drivers/STM32L4xx_HAL_Driver/Src/stm32l4xx_hal_uart_ex.o"
arm-none-eabi-gcc -mcpu=cortex-m4 -g3 -DDEBUG -c -x assembler-with-cpp -MMD -MP -MF"Core/Startup/startup_stm32l476rgtx.d" -MT"Core/Startup/startup_stm32l476rgtx.o" --specs=nano.specs -mfpu=fpv4-sp-d16 -mfloat-abi=hard -mthumb -o "Core/Startup/startup_stm32l476rgtx.o" "../Core/Startup/startup_stm32l476rgtx.s"
arm-none-eabi-gcc "../Core/Src/main.c" -mcpu=cortex-m4 -std=gnu11 -g3 -DDEBUG -DUSE_HAL_DRIVER -DSTM32L476xx -c -I../Core/Inc -I../Drivers/STM32L4xx_HAL_Driver/Inc -I../Drivers/STM32L4xx_HAL_Driver/Inc/Legacy -I../Drivers/CMSIS/Device/ST/STM32L4xx/Include -I../Drivers/CMSIS/Include -O0 -ffunction-sections -fdata-sections -Wall -fstack-usage -fcyclomatic-complexity -MMD -MP -MF"Core/Src/main.d" -MT"Core/Src/main.o" --specs=nano.specs -mfpu=fpv4-sp-d16 -mfloat-abi=hard -mthumb -o "Core/Src/main.o"
arm-none-eabi-gcc "../Core/Src/stm32l4xx_hal_msp.c" -mcpu=cortex-m4 -std=gnu11 -g3 -DDEBUG -DUSE_HAL_DRIVER -DSTM32L476xx -c -I../Core/Inc -I../Drivers/STM32L4xx_HAL_Driver/Inc -I../Drivers/STM32L4xx_HAL_Driver/Inc/Legacy -I../Drivers/CMSIS/Device/ST/STM32L4xx/Include -I../Drivers/CMSIS/Include -O0 -ffunction-sections -fdata-sections -Wall -fstack-usage -fcyclomatic-complexity -MMD -MP -MF"Core/Src/stm32l4xx_hal_msp.d" -MT"Core/Src/stm32l4xx_hal_msp.o" --specs=nano.specs -mfpu=fpv4-sp-d16 -mfloat-abi=hard -mthumb -o "Core/Src/stm32l4xx_hal_msp.o"
arm-none-eabi-gcc "../Core/Src/stm32l4xx_it.c" -mcpu=cortex-m4 -std=gnu11 -g3 -DDEBUG -DUSE_HAL_DRIVER -DSTM32L476xx -c -I../Core/Inc -I../Drivers/STM32L4xx_HAL_Driver/Inc -I../Drivers/STM32L4xx_HAL_Driver/Inc/Legacy -I../Drivers/CMSIS/Device/ST/STM32L4xx/Include -I../Drivers/CMSIS/Include -O0 -ffunction-sections -fdata-sections -Wall -fstack-usage -fcyclomatic-complexity -MMD -MP -MF"Core/Src/stm32l4xx_it.d" -MT"Core/Src/stm32l4xx_it.o" --specs=nano.specs -mfpu=fpv4-sp-d16 -mfloat-abi=hard -mthumb -o "Core/Src/stm32l4xx_it.o"
arm-none-eabi-gcc "../Core/Src/syscalls.c" -mcpu=cortex-m4 -std=gnu11 -g3 -DDEBUG -DUSE_HAL_DRIVER -DSTM32L476xx -c -I../Core/Inc -I../Drivers/STM32L4xx_HAL_Driver/Inc -I../Drivers/STM32L4xx_HAL_Driver/Inc/Legacy -I../Drivers/CMSIS/Device/ST/STM32L4xx/Include -I../Drivers/CMSIS/Include -O0 -ffunction-sections -fdata-sections -Wall -fstack-usage -fcyclomatic-complexity -MMD -MP -MF"Core/Src/syscalls.d" -MT"Core/Src/syscalls.o" --specs=nano.specs -mfpu=fpv4-sp-d16 -mfloat-abi=hard -mthumb -o "Core/Src/syscalls.o"
arm-none-eabi-gcc "../Core/Src/sysmem.c" -mcpu=cortex-m4 -std=gnu11 -g3 -DDEBUG -DUSE_HAL_DRIVER -DSTM32L476xx -c -I../Core/Inc -I../Drivers/STM32L4xx_HAL_Driver/Inc -I../Drivers/STM32L4xx_HAL_Driver/Inc/Legacy -I../Drivers/CMSIS/Device/ST/STM32L4xx/Include -I../Drivers/CMSIS/Include -O0 -ffunction-sections -fdata-sections -Wall -fstack-usage -fcyclomatic-complexity -MMD -MP -MF"Core/Src/sysmem.d" -MT"Core/Src/sysmem.o" --specs=nano.specs -mfpu=fpv4-sp-d16 -mfloat-abi=hard -mthumb -o "Core/Src/sysmem.o"
arm-none-eabi-gcc "../Core/Src/system_stm32l4xx.c" -mcpu=cortex-m4 -std=gnu11 -g3 -DDEBUG -DUSE_HAL_DRIVER -DSTM32L476xx -c -I../Core/Inc -I../Drivers/STM32L4xx_HAL_Driver/Inc -I../Drivers/STM32L4xx_HAL_Driver/Inc/Legacy -I../Drivers/CMSIS/Device/ST/STM32L4xx/Include -I../Drivers/CMSIS/Include -O0 -ffunction-sections -fdata-sections -Wall -fstack-usage -fcyclomatic-complexity -MMD -MP -MF"Core/Src/system_stm32l4xx.d" -MT"Core/Src/system_stm32l4xx.o" --specs=nano.specs -mfpu=fpv4-sp-d16 -mfloat-abi=hard -mthumb -o "Core/Src/system_stm32l4xx.o"
../Core/Src/main.c: In function 'transmit_bits_to_LCD':
../Core/Src/main.c:56:2: warning: implicit declaration of function 'HAL_Digital_WritePin'; did you mean 'HAL_GPIO_WritePin'? [-Wimplicit-function-declaration]
   56 |  HAL_Digital_WritePin(GPIOA,GPIO_PIN_9,RS);
      |  ^~~~~~~~~~~~~~~~~~~~
      |  HAL_GPIO_WritePin
../Core/Src/main.c:61:12: warning: suggest parentheses around comparison in operand of '&' [-Wparentheses]
   61 |    if(DATA & 1 == 1){
      |            ^
../Core/Src/main.c:68:12: warning: suggest parentheses around comparison in operand of '&' [-Wparentheses]
   68 |    if(DATA & 1 == 1){
      |            ^
../Core/Src/main.c:75:12: warning: suggest parentheses around comparison in operand of '&' [-Wparentheses]
   75 |    if(DATA & 1 == 1){
      |            ^
../Core/Src/main.c:82:12: warning: suggest parentheses around comparison in operand of '&' [-Wparentheses]
   82 |    if(DATA & 1 == 1){
      |            ^
../Core/Src/main.c:89:12: warning: suggest parentheses around comparison in operand of '&' [-Wparentheses]
   89 |    if(DATA & 1 == 1){
      |            ^
../Core/Src/main.c:96:12: warning: suggest parentheses around comparison in operand of '&' [-Wparentheses]
   96 |    if(DATA & 1 == 1){
      |            ^
../Core/Src/main.c:103:12: warning: suggest parentheses around comparison in operand of '&' [-Wparentheses]
  103 |    if(DATA & 1 == 1){
      |            ^
../Core/Src/main.c:110:12: warning: suggest parentheses around comparison in operand of '&' [-Wparentheses]
  110 |    if(DATA & 1 == 1){
      |            ^
arm-none-eabi-gcc -o "LCD_16X2_Driver.elf" @"objects.list"   -mcpu=cortex-m4 -T"C:\Users\artur\Desktop\LCD_16X2_Driver\LCD_16X2_Driver\STM32L476RGTX_FLASH.ld" --specs=nosys.specs -Wl,-Map="LCD_16X2_Driver.map" -Wl,--gc-sections -static --specs=nano.specs -mfpu=fpv4-sp-d16 -mfloat-abi=hard -mthumb -Wl,--start-group -lc -lm -Wl,--end-group
Finished building target: LCD_16X2_Driver.elf
 
arm-none-eabi-size   LCD_16X2_Driver.elf 
arm-none-eabi-objdump -h -S  LCD_16X2_Driver.elf  > "LCD_16X2_Driver.list"
   text	   data	    bss	    dec	    hex	filename
  12180	     20	   1700	  13900	   364c	LCD_16X2_Driver.elf
Finished building: default.size.stdout
 
Finished building: LCD_16X2_Driver.list
 
03:15:10 **** Incremental Build of configuration Debug for project LCD_16X2_Driver ****
make -j8 all 
arm-none-eabi-gcc "../Core/Src/main.c" -mcpu=cortex-m4 -std=gnu11 -g3 -DDEBUG -DUSE_HAL_DRIVER -DSTM32L476xx -c -I../Core/Inc -I../Drivers/STM32L4xx_HAL_Driver/Inc -I../Drivers/STM32L4xx_HAL_Driver/Inc/Legacy -I../Drivers/CMSIS/Device/ST/STM32L4xx/Include -I../Drivers/CMSIS/Include -O0 -ffunction-sections -fdata-sections -Wall -fstack-usage -fcyclomatic-complexity -MMD -MP -MF"Core/Src/main.d" -MT"Core/Src/main.o" --specs=nano.specs -mfpu=fpv4-sp-d16 -mfloat-abi=hard -mthumb -o "Core/Src/main.o"
../Core/Src/main.c:93:1: error: expected identifier or '(' before '}' token
   93 | }
      | ^
make: *** [Core/Src/subdir.mk:34: Core/Src/main.o] Error 1
"make -j8 all" terminated with exit code 2. Build might be incomplete.
03:15:25 **** Incremental Build of configuration Debug for project LCD_16X2_Driver ****
make -j8 all 
arm-none-eabi-gcc "../Core/Src/main.c" -mcpu=cortex-m4 -std=gnu11 -g3 -DDEBUG -DUSE_HAL_DRIVER -DSTM32L476xx -c -I../Core/Inc -I../Drivers/STM32L4xx_HAL_Driver/Inc -I../Drivers/STM32L4xx_HAL_Driver/Inc/Legacy -I../Drivers/CMSIS/Device/ST/STM32L4xx/Include -I../Drivers/CMSIS/Include -O0 -ffunction-sections -fdata-sections -Wall -fstack-usage -fcyclomatic-complexity -MMD -MP -MF"Core/Src/main.d" -MT"Core/Src/main.o" --specs=nano.specs -mfpu=fpv4-sp-d16 -mfloat-abi=hard -mthumb -o "Core/Src/main.o"
arm-none-eabi-gcc -o "LCD_16X2_Driver.elf" @"objects.list"   -mcpu=cortex-m4 -T"C:\Users\artur\Desktop\LCD_16X2_Driver\LCD_16X2_Driver\STM32L476RGTX_FLASH.ld" --specs=nosys.specs -Wl,-Map="LCD_16X2_Driver.map" -Wl,--gc-sections -static --specs=nano.specs -mfpu=fpv4-sp-d16 -mfloat-abi=hard -mthumb -Wl,--start-group -lc -lm -Wl,--end-group
Finished building target: LCD_16X2_Driver.elf
 
arm-none-eabi-size   LCD_16X2_Driver.elf 
arm-none-eabi-objdump -h -S  LCD_16X2_Driver.elf  > "LCD_16X2_Driver.list"
   text	   data	    bss	    dec	    hex	filename
  12180	     20	   1700	  13900	   364c	LCD_16X2_Driver.elf
Finished building: default.size.stdout
 
Finished building: LCD_16X2_Driver.list
 
03:15:40 **** Incremental Build of configuration Debug for project LCD_16X2_Driver ****
make -j8 all 
arm-none-eabi-gcc "../Core/Src/main.c" -mcpu=cortex-m4 -std=gnu11 -g3 -DDEBUG -DUSE_HAL_DRIVER -DSTM32L476xx -c -I../Core/Inc -I../Drivers/STM32L4xx_HAL_Driver/Inc -I../Drivers/STM32L4xx_HAL_Driver/Inc/Legacy -I../Drivers/CMSIS/Device/ST/STM32L4xx/Include -I../Drivers/CMSIS/Include -O0 -ffunction-sections -fdata-sections -Wall -fstack-usage -fcyclomatic-complexity -MMD -MP -MF"Core/Src/main.d" -MT"Core/Src/main.o" --specs=nano.specs -mfpu=fpv4-sp-d16 -mfloat-abi=hard -mthumb -o "Core/Src/main.o"
arm-none-eabi-gcc -o "LCD_16X2_Driver.elf" @"objects.list"   -mcpu=cortex-m4 -T"C:\Users\artur\Desktop\LCD_16X2_Driver\LCD_16X2_Driver\STM32L476RGTX_FLASH.ld" --specs=nosys.specs -Wl,-Map="LCD_16X2_Driver.map" -Wl,--gc-sections -static --specs=nano.specs -mfpu=fpv4-sp-d16 -mfloat-abi=hard -mthumb -Wl,--start-group -lc -lm -Wl,--end-group
Finished building target: LCD_16X2_Driver.elf
 
arm-none-eabi-size   LCD_16X2_Driver.elf 
arm-none-eabi-objdump -h -S  LCD_16X2_Driver.elf  > "LCD_16X2_Driver.list"
   text	   data	    bss	    dec	    hex	filename
  12180	     20	   1700	  13900	   364c	LCD_16X2_Driver.elf
Finished building: default.size.stdout
 
Finished building: LCD_16X2_Driver.list
 
20:32:26 **** Incremental Build of configuration Debug for project LCD_16X2_Driver ****
make -j8 all 
arm-none-eabi-gcc "../Core/Src/main.c" -mcpu=cortex-m4 -std=gnu11 -g3 -DDEBUG -DUSE_HAL_DRIVER -DSTM32L476xx -c -I../Core/Inc -I../Drivers/STM32L4xx_HAL_Driver/Inc -I../Drivers/STM32L4xx_HAL_Driver/Inc/Legacy -I../Drivers/CMSIS/Device/ST/STM32L4xx/Include -I../Drivers/CMSIS/Include -O0 -ffunction-sections -fdata-sections -Wall -fstack-usage -fcyclomatic-complexity -MMD -MP -MF"Core/Src/main.d" -MT"Core/Src/main.o" --specs=nano.specs -mfpu=fpv4-sp-d16 -mfloat-abi=hard -mthumb -o "Core/Src/main.o"
../Core/Src/main.c:91:22: error: expected declaration specifiers or '...' before numeric constant
   91 | transmit_bits_to_LCD(0,INSTRUCTION_ON_POWERUP_4BIT_MODE);
      |                      ^
../Core/Src/main.c:91:24: error: expected declaration specifiers or '...' before 'INSTRUCTION_ON_POWERUP_4BIT_MODE'
   91 | transmit_bits_to_LCD(0,INSTRUCTION_ON_POWERUP_4BIT_MODE);
      |                        ^~~~~~~~~~~~~~~~~~~~~~~~~~~~~~~~
../Core/Src/main.c:92:22: error: expected declaration specifiers or '...' before numeric constant
   92 | transmit_bits_to_LCD(0,INSTRUCTION_4BIT_MODE_AND_5X8FONT_AND_1LINEDISPLAY);
      |                      ^
../Core/Src/main.c:92:24: error: expected declaration specifiers or '...' before 'INSTRUCTION_4BIT_MODE_AND_5X8FONT_AND_1LINEDISPLAY'
   92 | transmit_bits_to_LCD(0,INSTRUCTION_4BIT_MODE_AND_5X8FONT_AND_1LINEDISPLAY);
      |                        ^~~~~~~~~~~~~~~~~~~~~~~~~~~~~~~~~~~~~~~~~~~~~~~~~~
../Core/Src/main.c:93:22: error: expected declaration specifiers or '...' before numeric constant
   93 | transmit_bits_to_LCD(0,INSTRUCTION_TURNON_DISPLAY_AND_CURSOR);
      |                      ^
../Core/Src/main.c:93:24: error: expected declaration specifiers or '...' before 'INSTRUCTION_TURNON_DISPLAY_AND_CURSOR'
   93 | transmit_bits_to_LCD(0,INSTRUCTION_TURNON_DISPLAY_AND_CURSOR);
      |                        ^~~~~~~~~~~~~~~~~~~~~~~~~~~~~~~~~~~~~
../Core/Src/main.c:94:22: error: expected declaration specifiers or '...' before numeric constant
   94 | transmit_bits_to_LCD(0,INSTRUCTION_MOVE_CURSOR_ON_WRITE);
      |                      ^
../Core/Src/main.c:94:24: error: expected declaration specifiers or '...' before 'INSTRUCTION_MOVE_CURSOR_ON_WRITE'
   94 | transmit_bits_to_LCD(0,INSTRUCTION_MOVE_CURSOR_ON_WRITE);
      |                        ^~~~~~~~~~~~~~~~~~~~~~~~~~~~~~~~
make: *** [Core/Src/subdir.mk:34: Core/Src/main.o] Error 1
"make -j8 all" terminated with exit code 2. Build might be incomplete.
20:33:27 **** Incremental Build of configuration Debug for project LCD_16X2_Driver ****
make -j8 all 
arm-none-eabi-gcc "../Core/Src/main.c" -mcpu=cortex-m4 -std=gnu11 -g3 -DDEBUG -DUSE_HAL_DRIVER -DSTM32L476xx -c -I../Core/Inc -I../Drivers/STM32L4xx_HAL_Driver/Inc -I../Drivers/STM32L4xx_HAL_Driver/Inc/Legacy -I../Drivers/CMSIS/Device/ST/STM32L4xx/Include -I../Drivers/CMSIS/Include -O0 -ffunction-sections -fdata-sections -Wall -fstack-usage -fcyclomatic-complexity -MMD -MP -MF"Core/Src/main.d" -MT"Core/Src/main.o" --specs=nano.specs -mfpu=fpv4-sp-d16 -mfloat-abi=hard -mthumb -o "Core/Src/main.o"
../Core/Src/main.c:91:22: error: expected declaration specifiers or '...' before numeric constant
   91 | transmit_bits_to_LCD(0,INSTRUCTION_ON_POWERUP_4BIT_MODE);
      |                      ^
../Core/Src/main.c:91:24: error: expected declaration specifiers or '...' before 'INSTRUCTION_ON_POWERUP_4BIT_MODE'
   91 | transmit_bits_to_LCD(0,INSTRUCTION_ON_POWERUP_4BIT_MODE);
      |                        ^~~~~~~~~~~~~~~~~~~~~~~~~~~~~~~~
../Core/Src/main.c:92:22: error: expected declaration specifiers or '...' before numeric constant
   92 | transmit_bits_to_LCD(0,INSTRUCTION_4BIT_MODE_AND_5X8FONT_AND_1LINEDISPLAY);
      |                      ^
../Core/Src/main.c:92:24: error: expected declaration specifiers or '...' before 'INSTRUCTION_4BIT_MODE_AND_5X8FONT_AND_1LINEDISPLAY'
   92 | transmit_bits_to_LCD(0,INSTRUCTION_4BIT_MODE_AND_5X8FONT_AND_1LINEDISPLAY);
      |                        ^~~~~~~~~~~~~~~~~~~~~~~~~~~~~~~~~~~~~~~~~~~~~~~~~~
../Core/Src/main.c:93:22: error: expected declaration specifiers or '...' before numeric constant
   93 | transmit_bits_to_LCD(0,INSTRUCTION_TURNON_DISPLAY_AND_CURSOR);
      |                      ^
../Core/Src/main.c:93:24: error: expected declaration specifiers or '...' before 'INSTRUCTION_TURNON_DISPLAY_AND_CURSOR'
   93 | transmit_bits_to_LCD(0,INSTRUCTION_TURNON_DISPLAY_AND_CURSOR);
      |                        ^~~~~~~~~~~~~~~~~~~~~~~~~~~~~~~~~~~~~
../Core/Src/main.c:94:22: error: expected declaration specifiers or '...' before numeric constant
   94 | transmit_bits_to_LCD(0,INSTRUCTION_MOVE_CURSOR_ON_WRITE);
      |                      ^
../Core/Src/main.c:94:24: error: expected declaration specifiers or '...' before 'INSTRUCTION_MOVE_CURSOR_ON_WRITE'
   94 | transmit_bits_to_LCD(0,INSTRUCTION_MOVE_CURSOR_ON_WRITE);
      |                        ^~~~~~~~~~~~~~~~~~~~~~~~~~~~~~~~
make: *** [Core/Src/subdir.mk:34: Core/Src/main.o] Error 1
"make -j8 all" terminated with exit code 2. Build might be incomplete.
20:33:31 **** Incremental Build of configuration Debug for project LCD_16X2_Driver ****
make -j8 all 
arm-none-eabi-gcc "../Core/Src/main.c" -mcpu=cortex-m4 -std=gnu11 -g3 -DDEBUG -DUSE_HAL_DRIVER -DSTM32L476xx -c -I../Core/Inc -I../Drivers/STM32L4xx_HAL_Driver/Inc -I../Drivers/STM32L4xx_HAL_Driver/Inc/Legacy -I../Drivers/CMSIS/Device/ST/STM32L4xx/Include -I../Drivers/CMSIS/Include -O0 -ffunction-sections -fdata-sections -Wall -fstack-usage -fcyclomatic-complexity -MMD -MP -MF"Core/Src/main.d" -MT"Core/Src/main.o" --specs=nano.specs -mfpu=fpv4-sp-d16 -mfloat-abi=hard -mthumb -o "Core/Src/main.o"
../Core/Src/main.c:91:22: error: expected declaration specifiers or '...' before numeric constant
   91 | transmit_bits_to_LCD(0,INSTRUCTION_ON_POWERUP_4BIT_MODE);
      |                      ^
../Core/Src/main.c:91:24: error: expected declaration specifiers or '...' before 'INSTRUCTION_ON_POWERUP_4BIT_MODE'
   91 | transmit_bits_to_LCD(0,INSTRUCTION_ON_POWERUP_4BIT_MODE);
      |                        ^~~~~~~~~~~~~~~~~~~~~~~~~~~~~~~~
../Core/Src/main.c:92:22: error: expected declaration specifiers or '...' before numeric constant
   92 | transmit_bits_to_LCD(0,INSTRUCTION_4BIT_MODE_AND_5X8FONT_AND_1LINEDISPLAY);
      |                      ^
../Core/Src/main.c:92:24: error: expected declaration specifiers or '...' before 'INSTRUCTION_4BIT_MODE_AND_5X8FONT_AND_1LINEDISPLAY'
   92 | transmit_bits_to_LCD(0,INSTRUCTION_4BIT_MODE_AND_5X8FONT_AND_1LINEDISPLAY);
      |                        ^~~~~~~~~~~~~~~~~~~~~~~~~~~~~~~~~~~~~~~~~~~~~~~~~~
../Core/Src/main.c:93:22: error: expected declaration specifiers or '...' before numeric constant
   93 | transmit_bits_to_LCD(0,INSTRUCTION_TURNON_DISPLAY_AND_CURSOR);
      |                      ^
../Core/Src/main.c:93:24: error: expected declaration specifiers or '...' before 'INSTRUCTION_TURNON_DISPLAY_AND_CURSOR'
   93 | transmit_bits_to_LCD(0,INSTRUCTION_TURNON_DISPLAY_AND_CURSOR);
      |                        ^~~~~~~~~~~~~~~~~~~~~~~~~~~~~~~~~~~~~
../Core/Src/main.c:94:22: error: expected declaration specifiers or '...' before numeric constant
   94 | transmit_bits_to_LCD(0,INSTRUCTION_MOVE_CURSOR_ON_WRITE);
      |                      ^
../Core/Src/main.c:94:24: error: expected declaration specifiers or '...' before 'INSTRUCTION_MOVE_CURSOR_ON_WRITE'
   94 | transmit_bits_to_LCD(0,INSTRUCTION_MOVE_CURSOR_ON_WRITE);
      |                        ^~~~~~~~~~~~~~~~~~~~~~~~~~~~~~~~
make: *** [Core/Src/subdir.mk:34: Core/Src/main.o] Error 1
"make -j8 all" terminated with exit code 2. Build might be incomplete.
20:34:43 **** Incremental Build of configuration Debug for project LCD_16X2_Driver ****
make -j8 all 
arm-none-eabi-gcc "../Core/Src/main.c" -mcpu=cortex-m4 -std=gnu11 -g3 -DDEBUG -DUSE_HAL_DRIVER -DSTM32L476xx -c -I../Core/Inc -I../Drivers/STM32L4xx_HAL_Driver/Inc -I../Drivers/STM32L4xx_HAL_Driver/Inc/Legacy -I../Drivers/CMSIS/Device/ST/STM32L4xx/Include -I../Drivers/CMSIS/Include -O0 -ffunction-sections -fdata-sections -Wall -fstack-usage -fcyclomatic-complexity -MMD -MP -MF"Core/Src/main.d" -MT"Core/Src/main.o" --specs=nano.specs -mfpu=fpv4-sp-d16 -mfloat-abi=hard -mthumb -o "Core/Src/main.o"
../Core/Src/main.c:91:22: error: expected declaration specifiers or '...' before numeric constant
   91 | transmit_bits_to_LCD(0,INSTRUCTION_ON_POWERUP_4BIT_MODE);
      |                      ^
../Core/Src/main.c:91:24: error: expected declaration specifiers or '...' before 'INSTRUCTION_ON_POWERUP_4BIT_MODE'
   91 | transmit_bits_to_LCD(0,INSTRUCTION_ON_POWERUP_4BIT_MODE);
      |                        ^~~~~~~~~~~~~~~~~~~~~~~~~~~~~~~~
make: *** [Core/Src/subdir.mk:34: Core/Src/main.o] Error 1
"make -j8 all" terminated with exit code 2. Build might be incomplete.
20:34:52 **** Incremental Build of configuration Debug for project LCD_16X2_Driver ****
make -j8 all 
arm-none-eabi-gcc "../Core/Src/main.c" -mcpu=cortex-m4 -std=gnu11 -g3 -DDEBUG -DUSE_HAL_DRIVER -DSTM32L476xx -c -I../Core/Inc -I../Drivers/STM32L4xx_HAL_Driver/Inc -I../Drivers/STM32L4xx_HAL_Driver/Inc/Legacy -I../Drivers/CMSIS/Device/ST/STM32L4xx/Include -I../Drivers/CMSIS/Include -O0 -ffunction-sections -fdata-sections -Wall -fstack-usage -fcyclomatic-complexity -MMD -MP -MF"Core/Src/main.d" -MT"Core/Src/main.o" --specs=nano.specs -mfpu=fpv4-sp-d16 -mfloat-abi=hard -mthumb -o "Core/Src/main.o"
arm-none-eabi-gcc -o "LCD_16X2_Driver.elf" @"objects.list"   -mcpu=cortex-m4 -T"C:\Users\artur\Desktop\LCD_16X2_Driver\LCD_16X2_Driver\STM32L476RGTX_FLASH.ld" --specs=nosys.specs -Wl,-Map="LCD_16X2_Driver.map" -Wl,--gc-sections -static --specs=nano.specs -mfpu=fpv4-sp-d16 -mfloat-abi=hard -mthumb -Wl,--start-group -lc -lm -Wl,--end-group
Finished building target: LCD_16X2_Driver.elf
 
arm-none-eabi-size   LCD_16X2_Driver.elf 
arm-none-eabi-objdump -h -S  LCD_16X2_Driver.elf  > "LCD_16X2_Driver.list"
   text	   data	    bss	    dec	    hex	filename
  12180	     20	   1700	  13900	   364c	LCD_16X2_Driver.elf
Finished building: default.size.stdout
 
Finished building: LCD_16X2_Driver.list
 
20:36:22 **** Incremental Build of configuration Debug for project LCD_16X2_Driver ****
make -j8 all 
arm-none-eabi-gcc "../Core/Src/main.c" -mcpu=cortex-m4 -std=gnu11 -g3 -DDEBUG -DUSE_HAL_DRIVER -DSTM32L476xx -c -I../Core/Inc -I../Drivers/STM32L4xx_HAL_Driver/Inc -I../Drivers/STM32L4xx_HAL_Driver/Inc/Legacy -I../Drivers/CMSIS/Device/ST/STM32L4xx/Include -I../Drivers/CMSIS/Include -O0 -ffunction-sections -fdata-sections -Wall -fstack-usage -fcyclomatic-complexity -MMD -MP -MF"Core/Src/main.d" -MT"Core/Src/main.o" --specs=nano.specs -mfpu=fpv4-sp-d16 -mfloat-abi=hard -mthumb -o "Core/Src/main.o"
../Core/Src/main.c:92:22: error: expected declaration specifiers or '...' before numeric constant
   92 | transmit_bits_to_LCD(0,INSTRUCTION_ON_POWERUP_4BIT_MODE);
      |                      ^
../Core/Src/main.c:92:24: error: expected declaration specifiers or '...' before 'INSTRUCTION_ON_POWERUP_4BIT_MODE'
   92 | transmit_bits_to_LCD(0,INSTRUCTION_ON_POWERUP_4BIT_MODE);
      |                        ^~~~~~~~~~~~~~~~~~~~~~~~~~~~~~~~
../Core/Src/main.c:93:22: error: expected declaration specifiers or '...' before numeric constant
   93 | transmit_bits_to_LCD(0,INSTRUCTION_4BIT_MODE_AND_5X8FONT_AND_1LINEDISPLAY);
      |                      ^
../Core/Src/main.c:93:24: error: expected declaration specifiers or '...' before 'INSTRUCTION_4BIT_MODE_AND_5X8FONT_AND_1LINEDISPLAY'
   93 | transmit_bits_to_LCD(0,INSTRUCTION_4BIT_MODE_AND_5X8FONT_AND_1LINEDISPLAY);
      |                        ^~~~~~~~~~~~~~~~~~~~~~~~~~~~~~~~~~~~~~~~~~~~~~~~~~
../Core/Src/main.c:94:22: error: expected declaration specifiers or '...' before numeric constant
   94 | transmit_bits_to_LCD(0,INSTRUCTION_TURNON_DISPLAY_AND_CURSOR);
      |                      ^
../Core/Src/main.c:94:24: error: expected declaration specifiers or '...' before 'INSTRUCTION_TURNON_DISPLAY_AND_CURSOR'
   94 | transmit_bits_to_LCD(0,INSTRUCTION_TURNON_DISPLAY_AND_CURSOR);
      |                        ^~~~~~~~~~~~~~~~~~~~~~~~~~~~~~~~~~~~~
../Core/Src/main.c:95:22: error: expected declaration specifiers or '...' before numeric constant
   95 | transmit_bits_to_LCD(0,INSTRUCTION_MOVE_CURSOR_ON_WRITE);
      |                      ^
../Core/Src/main.c:95:24: error: expected declaration specifiers or '...' before 'INSTRUCTION_MOVE_CURSOR_ON_WRITE'
   95 | transmit_bits_to_LCD(0,INSTRUCTION_MOVE_CURSOR_ON_WRITE);
      |                        ^~~~~~~~~~~~~~~~~~~~~~~~~~~~~~~~
make: *** [Core/Src/subdir.mk:34: Core/Src/main.o] Error 1
"make -j8 all" terminated with exit code 2. Build might be incomplete.
20:38:27 **** Incremental Build of configuration Debug for project LCD_16X2_Driver ****
make -j8 all 
arm-none-eabi-gcc "../Core/Src/main.c" -mcpu=cortex-m4 -std=gnu11 -g3 -DDEBUG -DUSE_HAL_DRIVER -DSTM32L476xx -c -I../Core/Inc -I../Drivers/STM32L4xx_HAL_Driver/Inc -I../Drivers/STM32L4xx_HAL_Driver/Inc/Legacy -I../Drivers/CMSIS/Device/ST/STM32L4xx/Include -I../Drivers/CMSIS/Include -O0 -ffunction-sections -fdata-sections -Wall -fstack-usage -fcyclomatic-complexity -MMD -MP -MF"Core/Src/main.d" -MT"Core/Src/main.o" --specs=nano.specs -mfpu=fpv4-sp-d16 -mfloat-abi=hard -mthumb -o "Core/Src/main.o"
../Core/Src/main.c:95:1: warning: data definition has no type or storage class
   95 | transmit_bits_to_LCD(INSTRUCTION_REGISTER,INSTRUCTION_ON_POWERUP_4BIT_MODE);
      | ^~~~~~~~~~~~~~~~~~~~
../Core/Src/main.c:95:1: warning: type defaults to 'int' in declaration of 'transmit_bits_to_LCD' [-Wimplicit-int]
../Core/Src/main.c:95:1: warning: parameter names (without types) in function declaration
../Core/Src/main.c:95:1: error: conflicting types for 'transmit_bits_to_LCD'
../Core/Src/main.c:55:6: note: previous definition of 'transmit_bits_to_LCD' was here
   55 | void transmit_bits_to_LCD(int RS, char DATA){
      |      ^~~~~~~~~~~~~~~~~~~~
../Core/Src/main.c:96:1: warning: data definition has no type or storage class
   96 | transmit_bits_to_LCD(INSTRUCTION_REGISTER,INSTRUCTION_4BIT_MODE_AND_5X8FONT_AND_1LINEDISPLAY);
      | ^~~~~~~~~~~~~~~~~~~~
../Core/Src/main.c:96:1: warning: type defaults to 'int' in declaration of 'transmit_bits_to_LCD' [-Wimplicit-int]
../Core/Src/main.c:96:1: warning: parameter names (without types) in function declaration
../Core/Src/main.c:96:1: error: conflicting types for 'transmit_bits_to_LCD'
../Core/Src/main.c:55:6: note: previous definition of 'transmit_bits_to_LCD' was here
   55 | void transmit_bits_to_LCD(int RS, char DATA){
      |      ^~~~~~~~~~~~~~~~~~~~
../Core/Src/main.c:97:1: warning: data definition has no type or storage class
   97 | transmit_bits_to_LCD(INSTRUCTION_REGISTER,INSTRUCTION_TURNON_DISPLAY_AND_CURSOR);
      | ^~~~~~~~~~~~~~~~~~~~
../Core/Src/main.c:97:1: warning: type defaults to 'int' in declaration of 'transmit_bits_to_LCD' [-Wimplicit-int]
../Core/Src/main.c:97:1: warning: parameter names (without types) in function declaration
../Core/Src/main.c:97:1: error: conflicting types for 'transmit_bits_to_LCD'
../Core/Src/main.c:55:6: note: previous definition of 'transmit_bits_to_LCD' was here
   55 | void transmit_bits_to_LCD(int RS, char DATA){
      |      ^~~~~~~~~~~~~~~~~~~~
../Core/Src/main.c:98:1: warning: data definition has no type or storage class
   98 | transmit_bits_to_LCD(INSTRUCTION_REGISTER,INSTRUCTION_MOVE_CURSOR_ON_WRITE);
      | ^~~~~~~~~~~~~~~~~~~~
../Core/Src/main.c:98:1: warning: type defaults to 'int' in declaration of 'transmit_bits_to_LCD' [-Wimplicit-int]
../Core/Src/main.c:98:1: warning: parameter names (without types) in function declaration
../Core/Src/main.c:98:1: error: conflicting types for 'transmit_bits_to_LCD'
../Core/Src/main.c:55:6: note: previous definition of 'transmit_bits_to_LCD' was here
   55 | void transmit_bits_to_LCD(int RS, char DATA){
      |      ^~~~~~~~~~~~~~~~~~~~
make: *** [Core/Src/subdir.mk:34: Core/Src/main.o] Error 1
"make -j8 all" terminated with exit code 2. Build might be incomplete.
20:40:03 **** Incremental Build of configuration Debug for project LCD_16X2_Driver ****
make -j8 all 
arm-none-eabi-gcc "../Core/Src/main.c" -mcpu=cortex-m4 -std=gnu11 -g3 -DDEBUG -DUSE_HAL_DRIVER -DSTM32L476xx -c -I../Core/Inc -I../Drivers/STM32L4xx_HAL_Driver/Inc -I../Drivers/STM32L4xx_HAL_Driver/Inc/Legacy -I../Drivers/CMSIS/Device/ST/STM32L4xx/Include -I../Drivers/CMSIS/Include -O0 -ffunction-sections -fdata-sections -Wall -fstack-usage -fcyclomatic-complexity -MMD -MP -MF"Core/Src/main.d" -MT"Core/Src/main.o" --specs=nano.specs -mfpu=fpv4-sp-d16 -mfloat-abi=hard -mthumb -o "Core/Src/main.o"
../Core/Src/main.c:95:1: warning: data definition has no type or storage class
   95 | transmit_bits_to_LCD(INSTRUCTION_REGISTER,INSTRUCTION_ON_POWERUP_4BIT_MODE);
      | ^~~~~~~~~~~~~~~~~~~~
../Core/Src/main.c:95:1: warning: type defaults to 'int' in declaration of 'transmit_bits_to_LCD' [-Wimplicit-int]
../Core/Src/main.c:95:1: warning: parameter names (without types) in function declaration
../Core/Src/main.c:95:1: error: conflicting types for 'transmit_bits_to_LCD'
../Core/Src/main.c:55:6: note: previous definition of 'transmit_bits_to_LCD' was here
   55 | void transmit_bits_to_LCD(int RS, int DATA){
      |      ^~~~~~~~~~~~~~~~~~~~
../Core/Src/main.c:96:1: warning: data definition has no type or storage class
   96 | transmit_bits_to_LCD(INSTRUCTION_REGISTER,INSTRUCTION_4BIT_MODE_AND_5X8FONT_AND_1LINEDISPLAY);
      | ^~~~~~~~~~~~~~~~~~~~
../Core/Src/main.c:96:1: warning: type defaults to 'int' in declaration of 'transmit_bits_to_LCD' [-Wimplicit-int]
../Core/Src/main.c:96:1: warning: parameter names (without types) in function declaration
../Core/Src/main.c:96:1: error: conflicting types for 'transmit_bits_to_LCD'
../Core/Src/main.c:55:6: note: previous definition of 'transmit_bits_to_LCD' was here
   55 | void transmit_bits_to_LCD(int RS, int DATA){
      |      ^~~~~~~~~~~~~~~~~~~~
../Core/Src/main.c:97:1: warning: data definition has no type or storage class
   97 | transmit_bits_to_LCD(INSTRUCTION_REGISTER,INSTRUCTION_TURNON_DISPLAY_AND_CURSOR);
      | ^~~~~~~~~~~~~~~~~~~~
../Core/Src/main.c:97:1: warning: type defaults to 'int' in declaration of 'transmit_bits_to_LCD' [-Wimplicit-int]
../Core/Src/main.c:97:1: warning: parameter names (without types) in function declaration
../Core/Src/main.c:97:1: error: conflicting types for 'transmit_bits_to_LCD'
../Core/Src/main.c:55:6: note: previous definition of 'transmit_bits_to_LCD' was here
   55 | void transmit_bits_to_LCD(int RS, int DATA){
      |      ^~~~~~~~~~~~~~~~~~~~
../Core/Src/main.c:98:1: warning: data definition has no type or storage class
   98 | transmit_bits_to_LCD(INSTRUCTION_REGISTER,INSTRUCTION_MOVE_CURSOR_ON_WRITE);
      | ^~~~~~~~~~~~~~~~~~~~
../Core/Src/main.c:98:1: warning: type defaults to 'int' in declaration of 'transmit_bits_to_LCD' [-Wimplicit-int]
../Core/Src/main.c:98:1: warning: parameter names (without types) in function declaration
../Core/Src/main.c:98:1: error: conflicting types for 'transmit_bits_to_LCD'
../Core/Src/main.c:55:6: note: previous definition of 'transmit_bits_to_LCD' was here
   55 | void transmit_bits_to_LCD(int RS, int DATA){
      |      ^~~~~~~~~~~~~~~~~~~~
make: *** [Core/Src/subdir.mk:34: Core/Src/main.o] Error 1
"make -j8 all" terminated with exit code 2. Build might be incomplete.
20:40:45 **** Incremental Build of configuration Debug for project LCD_16X2_Driver ****
make -j8 all 
arm-none-eabi-gcc "../Core/Src/main.c" -mcpu=cortex-m4 -std=gnu11 -g3 -DDEBUG -DUSE_HAL_DRIVER -DSTM32L476xx -c -I../Core/Inc -I../Drivers/STM32L4xx_HAL_Driver/Inc -I../Drivers/STM32L4xx_HAL_Driver/Inc/Legacy -I../Drivers/CMSIS/Device/ST/STM32L4xx/Include -I../Drivers/CMSIS/Include -O0 -ffunction-sections -fdata-sections -Wall -fstack-usage -fcyclomatic-complexity -MMD -MP -MF"Core/Src/main.d" -MT"Core/Src/main.o" --specs=nano.specs -mfpu=fpv4-sp-d16 -mfloat-abi=hard -mthumb -o "Core/Src/main.o"
../Core/Src/main.c: In function 'transmit_bits_to_LCD':
../Core/Src/main.c:65:39: error: 'GPIO_SET' undeclared (first use in this function); did you mean 'GPIOE'?
   65 |  HAL_GPIO_WritePin(GPIOC,GPIO_PIN_7,  GPIO_SET); // set EN
      |                                       ^~~~~~~~
      |                                       GPIOE
../Core/Src/main.c:65:39: note: each undeclared identifier is reported only once for each function it appears in
../Core/Src/main.c:67:39: error: 'GPIO_RESET' undeclared (first use in this function); did you mean 'GPIO_PIN_SET'?
   67 |  HAL_GPIO_WritePin(GPIOC,GPIO_PIN_7,  GPIO_RESET); // reset EN
      |                                       ^~~~~~~~~~
      |                                       GPIO_PIN_SET
../Core/Src/main.c: At top level:
../Core/Src/main.c:89:1: error: unknown type name 'i'
   89 | i INSTRCTION_CLEAR_DISPLAY = 0b00000001;
      | ^
../Core/Src/main.c:95:1: warning: data definition has no type or storage class
   95 | transmit_bits_to_LCD(INSTRUCTION_REGISTER,INSTRUCTION_ON_POWERUP_4BIT_MODE);
      | ^~~~~~~~~~~~~~~~~~~~
../Core/Src/main.c:95:1: warning: type defaults to 'int' in declaration of 'transmit_bits_to_LCD' [-Wimplicit-int]
../Core/Src/main.c:95:1: warning: parameter names (without types) in function declaration
../Core/Src/main.c:95:1: error: conflicting types for 'transmit_bits_to_LCD'
../Core/Src/main.c:55:6: note: previous definition of 'transmit_bits_to_LCD' was here
   55 | void transmit_bits_to_LCD(int RS, int DATA){
      |      ^~~~~~~~~~~~~~~~~~~~
../Core/Src/main.c:96:1: warning: data definition has no type or storage class
   96 | transmit_bits_to_LCD(INSTRUCTION_REGISTER,INSTRUCTION_4BIT_MODE_AND_5X8FONT_AND_1LINEDISPLAY);
      | ^~~~~~~~~~~~~~~~~~~~
../Core/Src/main.c:96:1: warning: type defaults to 'int' in declaration of 'transmit_bits_to_LCD' [-Wimplicit-int]
../Core/Src/main.c:96:1: warning: parameter names (without types) in function declaration
../Core/Src/main.c:96:1: error: conflicting types for 'transmit_bits_to_LCD'
../Core/Src/main.c:55:6: note: previous definition of 'transmit_bits_to_LCD' was here
   55 | void transmit_bits_to_LCD(int RS, int DATA){
      |      ^~~~~~~~~~~~~~~~~~~~
../Core/Src/main.c:97:1: warning: data definition has no type or storage class
   97 | transmit_bits_to_LCD(INSTRUCTION_REGISTER,INSTRUCTION_TURNON_DISPLAY_AND_CURSOR);
      | ^~~~~~~~~~~~~~~~~~~~
../Core/Src/main.c:97:1: warning: type defaults to 'int' in declaration of 'transmit_bits_to_LCD' [-Wimplicit-int]
../Core/Src/main.c:97:1: warning: parameter names (without types) in function declaration
../Core/Src/main.c:97:1: error: conflicting types for 'transmit_bits_to_LCD'
../Core/Src/main.c:55:6: note: previous definition of 'transmit_bits_to_LCD' was here
   55 | void transmit_bits_to_LCD(int RS, int DATA){
      |      ^~~~~~~~~~~~~~~~~~~~
../Core/Src/main.c:98:1: warning: data definition has no type or storage class
   98 | transmit_bits_to_LCD(INSTRUCTION_REGISTER,INSTRUCTION_MOVE_CURSOR_ON_WRITE);
      | ^~~~~~~~~~~~~~~~~~~~
../Core/Src/main.c:98:1: warning: type defaults to 'int' in declaration of 'transmit_bits_to_LCD' [-Wimplicit-int]
../Core/Src/main.c:98:1: warning: parameter names (without types) in function declaration
../Core/Src/main.c:98:1: error: conflicting types for 'transmit_bits_to_LCD'
../Core/Src/main.c:55:6: note: previous definition of 'transmit_bits_to_LCD' was here
   55 | void transmit_bits_to_LCD(int RS, int DATA){
      |      ^~~~~~~~~~~~~~~~~~~~
make: *** [Core/Src/subdir.mk:34: Core/Src/main.o] Error 1
"make -j8 all" terminated with exit code 2. Build might be incomplete.
20:43:44 **** Incremental Build of configuration Debug for project LCD_16X2_Driver ****
make -j8 all 
arm-none-eabi-gcc "../Core/Src/main.c" -mcpu=cortex-m4 -std=gnu11 -g3 -DDEBUG -DUSE_HAL_DRIVER -DSTM32L476xx -c -I../Core/Inc -I../Drivers/STM32L4xx_HAL_Driver/Inc -I../Drivers/STM32L4xx_HAL_Driver/Inc/Legacy -I../Drivers/CMSIS/Device/ST/STM32L4xx/Include -I../Drivers/CMSIS/Include -O0 -ffunction-sections -fdata-sections -Wall -fstack-usage -fcyclomatic-complexity -MMD -MP -MF"Core/Src/main.d" -MT"Core/Src/main.o" --specs=nano.specs -mfpu=fpv4-sp-d16 -mfloat-abi=hard -mthumb -o "Core/Src/main.o"
../Core/Src/main.c: In function 'transmit_bits_to_LCD':
../Core/Src/main.c:65:39: error: 'GPIO_SET' undeclared (first use in this function); did you mean 'GPIOE'?
   65 |  HAL_GPIO_WritePin(GPIOC,GPIO_PIN_7,  GPIO_SET); // set EN
      |                                       ^~~~~~~~
      |                                       GPIOE
../Core/Src/main.c:65:39: note: each undeclared identifier is reported only once for each function it appears in
../Core/Src/main.c:67:39: error: 'GPIO_RESET' undeclared (first use in this function); did you mean 'GPIO_PIN_SET'?
   67 |  HAL_GPIO_WritePin(GPIOC,GPIO_PIN_7,  GPIO_RESET); // reset EN
      |                                       ^~~~~~~~~~
      |                                       GPIO_PIN_SET
../Core/Src/main.c: At top level:
../Core/Src/main.c:95:1: warning: data definition has no type or storage class
   95 | transmit_bits_to_LCD(INSTRUCTION_REGISTER,INSTRUCTION_ON_POWERUP_4BIT_MODE);
      | ^~~~~~~~~~~~~~~~~~~~
../Core/Src/main.c:95:1: warning: type defaults to 'int' in declaration of 'transmit_bits_to_LCD' [-Wimplicit-int]
../Core/Src/main.c:95:1: warning: parameter names (without types) in function declaration
../Core/Src/main.c:95:1: error: conflicting types for 'transmit_bits_to_LCD'
../Core/Src/main.c:55:6: note: previous definition of 'transmit_bits_to_LCD' was here
   55 | void transmit_bits_to_LCD(int RS, char DATA){
      |      ^~~~~~~~~~~~~~~~~~~~
../Core/Src/main.c:96:1: warning: data definition has no type or storage class
   96 | transmit_bits_to_LCD(INSTRUCTION_REGISTER,INSTRUCTION_4BIT_MODE_AND_5X8FONT_AND_1LINEDISPLAY);
      | ^~~~~~~~~~~~~~~~~~~~
../Core/Src/main.c:96:1: warning: type defaults to 'int' in declaration of 'transmit_bits_to_LCD' [-Wimplicit-int]
../Core/Src/main.c:96:1: warning: parameter names (without types) in function declaration
../Core/Src/main.c:96:1: error: conflicting types for 'transmit_bits_to_LCD'
../Core/Src/main.c:55:6: note: previous definition of 'transmit_bits_to_LCD' was here
   55 | void transmit_bits_to_LCD(int RS, char DATA){
      |      ^~~~~~~~~~~~~~~~~~~~
../Core/Src/main.c:97:1: warning: data definition has no type or storage class
   97 | transmit_bits_to_LCD(INSTRUCTION_REGISTER,INSTRUCTION_TURNON_DISPLAY_AND_CURSOR);
      | ^~~~~~~~~~~~~~~~~~~~
../Core/Src/main.c:97:1: warning: type defaults to 'int' in declaration of 'transmit_bits_to_LCD' [-Wimplicit-int]
../Core/Src/main.c:97:1: warning: parameter names (without types) in function declaration
../Core/Src/main.c:97:1: error: conflicting types for 'transmit_bits_to_LCD'
../Core/Src/main.c:55:6: note: previous definition of 'transmit_bits_to_LCD' was here
   55 | void transmit_bits_to_LCD(int RS, char DATA){
      |      ^~~~~~~~~~~~~~~~~~~~
../Core/Src/main.c:98:1: warning: data definition has no type or storage class
   98 | transmit_bits_to_LCD(INSTRUCTION_REGISTER,INSTRUCTION_MOVE_CURSOR_ON_WRITE);
      | ^~~~~~~~~~~~~~~~~~~~
../Core/Src/main.c:98:1: warning: type defaults to 'int' in declaration of 'transmit_bits_to_LCD' [-Wimplicit-int]
../Core/Src/main.c:98:1: warning: parameter names (without types) in function declaration
../Core/Src/main.c:98:1: error: conflicting types for 'transmit_bits_to_LCD'
../Core/Src/main.c:55:6: note: previous definition of 'transmit_bits_to_LCD' was here
   55 | void transmit_bits_to_LCD(int RS, char DATA){
      |      ^~~~~~~~~~~~~~~~~~~~
make: *** [Core/Src/subdir.mk:34: Core/Src/main.o] Error 1
"make -j8 all" terminated with exit code 2. Build might be incomplete.
20:43:46 **** Incremental Build of configuration Debug for project LCD_16X2_Driver ****
make -j8 all 
arm-none-eabi-gcc "../Core/Src/main.c" -mcpu=cortex-m4 -std=gnu11 -g3 -DDEBUG -DUSE_HAL_DRIVER -DSTM32L476xx -c -I../Core/Inc -I../Drivers/STM32L4xx_HAL_Driver/Inc -I../Drivers/STM32L4xx_HAL_Driver/Inc/Legacy -I../Drivers/CMSIS/Device/ST/STM32L4xx/Include -I../Drivers/CMSIS/Include -O0 -ffunction-sections -fdata-sections -Wall -fstack-usage -fcyclomatic-complexity -MMD -MP -MF"Core/Src/main.d" -MT"Core/Src/main.o" --specs=nano.specs -mfpu=fpv4-sp-d16 -mfloat-abi=hard -mthumb -o "Core/Src/main.o"
../Core/Src/main.c: In function 'transmit_bits_to_LCD':
../Core/Src/main.c:65:39: error: 'GPIO_SET' undeclared (first use in this function); did you mean 'GPIOE'?
   65 |  HAL_GPIO_WritePin(GPIOC,GPIO_PIN_7,  GPIO_SET); // set EN
      |                                       ^~~~~~~~
      |                                       GPIOE
../Core/Src/main.c:65:39: note: each undeclared identifier is reported only once for each function it appears in
../Core/Src/main.c:67:39: error: 'GPIO_RESET' undeclared (first use in this function); did you mean 'GPIO_PIN_SET'?
   67 |  HAL_GPIO_WritePin(GPIOC,GPIO_PIN_7,  GPIO_RESET); // reset EN
      |                                       ^~~~~~~~~~
      |                                       GPIO_PIN_SET
../Core/Src/main.c: At top level:
../Core/Src/main.c:95:1: warning: data definition has no type or storage class
   95 | transmit_bits_to_LCD(INSTRUCTION_REGISTER,INSTRUCTION_ON_POWERUP_4BIT_MODE);
      | ^~~~~~~~~~~~~~~~~~~~
../Core/Src/main.c:95:1: warning: type defaults to 'int' in declaration of 'transmit_bits_to_LCD' [-Wimplicit-int]
../Core/Src/main.c:95:1: warning: parameter names (without types) in function declaration
../Core/Src/main.c:95:1: error: conflicting types for 'transmit_bits_to_LCD'
../Core/Src/main.c:55:6: note: previous definition of 'transmit_bits_to_LCD' was here
   55 | void transmit_bits_to_LCD(int RS, char DATA){
      |      ^~~~~~~~~~~~~~~~~~~~
../Core/Src/main.c:96:1: warning: data definition has no type or storage class
   96 | transmit_bits_to_LCD(INSTRUCTION_REGISTER,INSTRUCTION_4BIT_MODE_AND_5X8FONT_AND_1LINEDISPLAY);
      | ^~~~~~~~~~~~~~~~~~~~
../Core/Src/main.c:96:1: warning: type defaults to 'int' in declaration of 'transmit_bits_to_LCD' [-Wimplicit-int]
../Core/Src/main.c:96:1: warning: parameter names (without types) in function declaration
../Core/Src/main.c:96:1: error: conflicting types for 'transmit_bits_to_LCD'
../Core/Src/main.c:55:6: note: previous definition of 'transmit_bits_to_LCD' was here
   55 | void transmit_bits_to_LCD(int RS, char DATA){
      |      ^~~~~~~~~~~~~~~~~~~~
../Core/Src/main.c:97:1: warning: data definition has no type or storage class
   97 | transmit_bits_to_LCD(INSTRUCTION_REGISTER,INSTRUCTION_TURNON_DISPLAY_AND_CURSOR);
      | ^~~~~~~~~~~~~~~~~~~~
../Core/Src/main.c:97:1: warning: type defaults to 'int' in declaration of 'transmit_bits_to_LCD' [-Wimplicit-int]
../Core/Src/main.c:97:1: warning: parameter names (without types) in function declaration
../Core/Src/main.c:97:1: error: conflicting types for 'transmit_bits_to_LCD'
../Core/Src/main.c:55:6: note: previous definition of 'transmit_bits_to_LCD' was here
   55 | void transmit_bits_to_LCD(int RS, char DATA){
      |      ^~~~~~~~~~~~~~~~~~~~
../Core/Src/main.c:98:1: warning: data definition has no type or storage class
   98 | transmit_bits_to_LCD(INSTRUCTION_REGISTER,INSTRUCTION_MOVE_CURSOR_ON_WRITE);
      | ^~~~~~~~~~~~~~~~~~~~
../Core/Src/main.c:98:1: warning: type defaults to 'int' in declaration of 'transmit_bits_to_LCD' [-Wimplicit-int]
../Core/Src/main.c:98:1: warning: parameter names (without types) in function declaration
../Core/Src/main.c:98:1: error: conflicting types for 'transmit_bits_to_LCD'
../Core/Src/main.c:55:6: note: previous definition of 'transmit_bits_to_LCD' was here
   55 | void transmit_bits_to_LCD(int RS, char DATA){
      |      ^~~~~~~~~~~~~~~~~~~~
make: *** [Core/Src/subdir.mk:34: Core/Src/main.o] Error 1
"make -j8 all" terminated with exit code 2. Build might be incomplete.
20:44:19 **** Incremental Build of configuration Debug for project LCD_16X2_Driver ****
make -j8 all 
arm-none-eabi-gcc "../Core/Src/main.c" -mcpu=cortex-m4 -std=gnu11 -g3 -DDEBUG -DUSE_HAL_DRIVER -DSTM32L476xx -c -I../Core/Inc -I../Drivers/STM32L4xx_HAL_Driver/Inc -I../Drivers/STM32L4xx_HAL_Driver/Inc/Legacy -I../Drivers/CMSIS/Device/ST/STM32L4xx/Include -I../Drivers/CMSIS/Include -O0 -ffunction-sections -fdata-sections -Wall -fstack-usage -fcyclomatic-complexity -MMD -MP -MF"Core/Src/main.d" -MT"Core/Src/main.o" --specs=nano.specs -mfpu=fpv4-sp-d16 -mfloat-abi=hard -mthumb -o "Core/Src/main.o"
../Core/Src/main.c:95:1: warning: data definition has no type or storage class
   95 | transmit_bits_to_LCD(INSTRUCTION_REGISTER,INSTRUCTION_ON_POWERUP_4BIT_MODE);
      | ^~~~~~~~~~~~~~~~~~~~
../Core/Src/main.c:95:1: warning: type defaults to 'int' in declaration of 'transmit_bits_to_LCD' [-Wimplicit-int]
../Core/Src/main.c:95:1: warning: parameter names (without types) in function declaration
../Core/Src/main.c:95:1: error: conflicting types for 'transmit_bits_to_LCD'
../Core/Src/main.c:55:6: note: previous definition of 'transmit_bits_to_LCD' was here
   55 | void transmit_bits_to_LCD(int RS, char DATA){
      |      ^~~~~~~~~~~~~~~~~~~~
../Core/Src/main.c:96:1: warning: data definition has no type or storage class
   96 | transmit_bits_to_LCD(INSTRUCTION_REGISTER,INSTRUCTION_4BIT_MODE_AND_5X8FONT_AND_1LINEDISPLAY);
      | ^~~~~~~~~~~~~~~~~~~~
../Core/Src/main.c:96:1: warning: type defaults to 'int' in declaration of 'transmit_bits_to_LCD' [-Wimplicit-int]
../Core/Src/main.c:96:1: warning: parameter names (without types) in function declaration
../Core/Src/main.c:96:1: error: conflicting types for 'transmit_bits_to_LCD'
../Core/Src/main.c:55:6: note: previous definition of 'transmit_bits_to_LCD' was here
   55 | void transmit_bits_to_LCD(int RS, char DATA){
      |      ^~~~~~~~~~~~~~~~~~~~
../Core/Src/main.c:97:1: warning: data definition has no type or storage class
   97 | transmit_bits_to_LCD(INSTRUCTION_REGISTER,INSTRUCTION_TURNON_DISPLAY_AND_CURSOR);
      | ^~~~~~~~~~~~~~~~~~~~
../Core/Src/main.c:97:1: warning: type defaults to 'int' in declaration of 'transmit_bits_to_LCD' [-Wimplicit-int]
../Core/Src/main.c:97:1: warning: parameter names (without types) in function declaration
../Core/Src/main.c:97:1: error: conflicting types for 'transmit_bits_to_LCD'
../Core/Src/main.c:55:6: note: previous definition of 'transmit_bits_to_LCD' was here
   55 | void transmit_bits_to_LCD(int RS, char DATA){
      |      ^~~~~~~~~~~~~~~~~~~~
../Core/Src/main.c:98:1: warning: data definition has no type or storage class
   98 | transmit_bits_to_LCD(INSTRUCTION_REGISTER,INSTRUCTION_MOVE_CURSOR_ON_WRITE);
      | ^~~~~~~~~~~~~~~~~~~~
../Core/Src/main.c:98:1: warning: type defaults to 'int' in declaration of 'transmit_bits_to_LCD' [-Wimplicit-int]
../Core/Src/main.c:98:1: warning: parameter names (without types) in function declaration
../Core/Src/main.c:98:1: error: conflicting types for 'transmit_bits_to_LCD'
../Core/Src/main.c:55:6: note: previous definition of 'transmit_bits_to_LCD' was here
   55 | void transmit_bits_to_LCD(int RS, char DATA){
      |      ^~~~~~~~~~~~~~~~~~~~
make: *** [Core/Src/subdir.mk:34: Core/Src/main.o] Error 1
"make -j8 all" terminated with exit code 2. Build might be incomplete.
20:45:10 **** Incremental Build of configuration Debug for project LCD_16X2_Driver ****
make -j8 all 
arm-none-eabi-gcc "../Core/Src/main.c" -mcpu=cortex-m4 -std=gnu11 -g3 -DDEBUG -DUSE_HAL_DRIVER -DSTM32L476xx -c -I../Core/Inc -I../Drivers/STM32L4xx_HAL_Driver/Inc -I../Drivers/STM32L4xx_HAL_Driver/Inc/Legacy -I../Drivers/CMSIS/Device/ST/STM32L4xx/Include -I../Drivers/CMSIS/Include -O0 -ffunction-sections -fdata-sections -Wall -fstack-usage -fcyclomatic-complexity -MMD -MP -MF"Core/Src/main.d" -MT"Core/Src/main.o" --specs=nano.specs -mfpu=fpv4-sp-d16 -mfloat-abi=hard -mthumb -o "Core/Src/main.o"
../Core/Src/main.c: In function 'main':
../Core/Src/main.c:125:7: warning: unused variable 'DATA_REGISTER' [-Wunused-variable]
  125 |   int DATA_REGISTER = 1;
      |       ^~~~~~~~~~~~~
../Core/Src/main.c:122:8: warning: unused variable 'INSTRCTION_CLEAR_DISPLAY' [-Wunused-variable]
  122 |   char INSTRCTION_CLEAR_DISPLAY = 0b00000001;
      |        ^~~~~~~~~~~~~~~~~~~~~~~~
../Core/Src/main.c:121:8: warning: unused variable 'INSTRCTION_RETURN_TO_1STLINE' [-Wunused-variable]
  121 |   char INSTRCTION_RETURN_TO_1STLINE = 0b00000010;
      |        ^~~~~~~~~~~~~~~~~~~~~~~~~~~~
arm-none-eabi-gcc -o "LCD_16X2_Driver.elf" @"objects.list"   -mcpu=cortex-m4 -T"C:\Users\artur\Desktop\LCD_16X2_Driver\LCD_16X2_Driver\STM32L476RGTX_FLASH.ld" --specs=nosys.specs -Wl,-Map="LCD_16X2_Driver.map" -Wl,--gc-sections -static --specs=nano.specs -mfpu=fpv4-sp-d16 -mfloat-abi=hard -mthumb -Wl,--start-group -lc -lm -Wl,--end-group
Finished building target: LCD_16X2_Driver.elf
 
arm-none-eabi-size   LCD_16X2_Driver.elf 
arm-none-eabi-objdump -h -S  LCD_16X2_Driver.elf  > "LCD_16X2_Driver.list"
   text	   data	    bss	    dec	    hex	filename
  12584	     20	   1700	  14304	   37e0	LCD_16X2_Driver.elf
Finished building: default.size.stdout
 
Finished building: LCD_16X2_Driver.list
 
20:45:13 **** Incremental Build of configuration Debug for project LCD_16X2_Driver ****
make -j8 all 
arm-none-eabi-size   LCD_16X2_Driver.elf 
   text	   data	    bss	    dec	    hex	filename
  12584	     20	   1700	  14304	   37e0	LCD_16X2_Driver.elf
Finished building: default.size.stdout
 
20:45:18 **** Incremental Build of configuration Debug for project LCD_16X2_Driver ****
make -j8 all 
arm-none-eabi-size   LCD_16X2_Driver.elf 
   text	   data	    bss	    dec	    hex	filename
  12584	     20	   1700	  14304	   37e0	LCD_16X2_Driver.elf
Finished building: default.size.stdout
 
20:45:24 **** Incremental Build of configuration Debug for project LCD_16X2_Driver ****
make -j8 all 
arm-none-eabi-size   LCD_16X2_Driver.elf 
   text	   data	    bss	    dec	    hex	filename
  12584	     20	   1700	  14304	   37e0	LCD_16X2_Driver.elf
Finished building: default.size.stdout
 
20:45:44 **** Incremental Build of configuration Debug for project LCD_16X2_Driver ****
make -j8 all 
arm-none-eabi-size   LCD_16X2_Driver.elf 
   text	   data	    bss	    dec	    hex	filename
  12584	     20	   1700	  14304	   37e0	LCD_16X2_Driver.elf
Finished building: default.size.stdout
 
20:46:40 **** Incremental Build of configuration Debug for project LCD_16X2_Driver ****
make -j8 all 
arm-none-eabi-gcc "../Core/Src/main.c" -mcpu=cortex-m4 -std=gnu11 -g3 -DDEBUG -DUSE_HAL_DRIVER -DSTM32L476xx -c -I../Core/Inc -I../Drivers/STM32L4xx_HAL_Driver/Inc -I../Drivers/STM32L4xx_HAL_Driver/Inc/Legacy -I../Drivers/CMSIS/Device/ST/STM32L4xx/Include -I../Drivers/CMSIS/Include -O0 -ffunction-sections -fdata-sections -Wall -fstack-usage -fcyclomatic-complexity -MMD -MP -MF"Core/Src/main.d" -MT"Core/Src/main.o" --specs=nano.specs -mfpu=fpv4-sp-d16 -mfloat-abi=hard -mthumb -o "Core/Src/main.o"
../Core/Src/main.c: In function 'main':
../Core/Src/main.c:125:7: warning: unused variable 'DATA_REGISTER' [-Wunused-variable]
  125 |   int DATA_REGISTER = 1;
      |       ^~~~~~~~~~~~~
../Core/Src/main.c:122:8: warning: unused variable 'INSTRCTION_CLEAR_DISPLAY' [-Wunused-variable]
  122 |   char INSTRCTION_CLEAR_DISPLAY = 0b00000001;
      |        ^~~~~~~~~~~~~~~~~~~~~~~~
arm-none-eabi-gcc -o "LCD_16X2_Driver.elf" @"objects.list"   -mcpu=cortex-m4 -T"C:\Users\artur\Desktop\LCD_16X2_Driver\LCD_16X2_Driver\STM32L476RGTX_FLASH.ld" --specs=nosys.specs -Wl,-Map="LCD_16X2_Driver.map" -Wl,--gc-sections -static --specs=nano.specs -mfpu=fpv4-sp-d16 -mfloat-abi=hard -mthumb -Wl,--start-group -lc -lm -Wl,--end-group
Finished building target: LCD_16X2_Driver.elf
 
arm-none-eabi-size   LCD_16X2_Driver.elf 
arm-none-eabi-objdump -h -S  LCD_16X2_Driver.elf  > "LCD_16X2_Driver.list"
   text	   data	    bss	    dec	    hex	filename
  12592	     20	   1700	  14312	   37e8	LCD_16X2_Driver.elf
Finished building: default.size.stdout
 
Finished building: LCD_16X2_Driver.list
 
20:47:42 **** Incremental Build of configuration Debug for project LCD_16X2_Driver ****
make -j8 all 
arm-none-eabi-gcc "../Core/Src/main.c" -mcpu=cortex-m4 -std=gnu11 -g3 -DDEBUG -DUSE_HAL_DRIVER -DSTM32L476xx -c -I../Core/Inc -I../Drivers/STM32L4xx_HAL_Driver/Inc -I../Drivers/STM32L4xx_HAL_Driver/Inc/Legacy -I../Drivers/CMSIS/Device/ST/STM32L4xx/Include -I../Drivers/CMSIS/Include -O0 -ffunction-sections -fdata-sections -Wall -fstack-usage -fcyclomatic-complexity -MMD -MP -MF"Core/Src/main.d" -MT"Core/Src/main.o" --specs=nano.specs -mfpu=fpv4-sp-d16 -mfloat-abi=hard -mthumb -o "Core/Src/main.o"
../Core/Src/main.c: In function 'main':
../Core/Src/main.c:127:7: warning: unused variable 'DATA_REGISTER' [-Wunused-variable]
  127 |   int DATA_REGISTER = 1;
      |       ^~~~~~~~~~~~~
../Core/Src/main.c:124:8: warning: unused variable 'INSTRCTION_CLEAR_DISPLAY' [-Wunused-variable]
  124 |   char INSTRCTION_CLEAR_DISPLAY = 0b00000001;
      |        ^~~~~~~~~~~~~~~~~~~~~~~~
arm-none-eabi-gcc -o "LCD_16X2_Driver.elf" @"objects.list"   -mcpu=cortex-m4 -T"C:\Users\artur\Desktop\LCD_16X2_Driver\LCD_16X2_Driver\STM32L476RGTX_FLASH.ld" --specs=nosys.specs -Wl,-Map="LCD_16X2_Driver.map" -Wl,--gc-sections -static --specs=nano.specs -mfpu=fpv4-sp-d16 -mfloat-abi=hard -mthumb -Wl,--start-group -lc -lm -Wl,--end-group
Finished building target: LCD_16X2_Driver.elf
 
arm-none-eabi-size   LCD_16X2_Driver.elf 
arm-none-eabi-objdump -h -S  LCD_16X2_Driver.elf  > "LCD_16X2_Driver.list"
   text	   data	    bss	    dec	    hex	filename
  12604	     20	   1700	  14324	   37f4	LCD_16X2_Driver.elf
Finished building: default.size.stdout
 
Finished building: LCD_16X2_Driver.list
 
20:47:55 **** Incremental Build of configuration Debug for project LCD_16X2_Driver ****
make -j8 all 
arm-none-eabi-size   LCD_16X2_Driver.elf 
   text	   data	    bss	    dec	    hex	filename
  12604	     20	   1700	  14324	   37f4	LCD_16X2_Driver.elf
Finished building: default.size.stdout
 
20:47:59 **** Incremental Build of configuration Debug for project LCD_16X2_Driver ****
make -j8 all 
arm-none-eabi-size   LCD_16X2_Driver.elf 
   text	   data	    bss	    dec	    hex	filename
  12604	     20	   1700	  14324	   37f4	LCD_16X2_Driver.elf
Finished building: default.size.stdout
 
20:48:02 **** Incremental Build of configuration Debug for project LCD_16X2_Driver ****
make -j8 all 
arm-none-eabi-size   LCD_16X2_Driver.elf 
   text	   data	    bss	    dec	    hex	filename
  12604	     20	   1700	  14324	   37f4	LCD_16X2_Driver.elf
Finished building: default.size.stdout
 
20:49:50 **** Incremental Build of configuration Debug for project LCD_16X2_Driver ****
make -j8 all 
arm-none-eabi-gcc "../Core/Src/main.c" -mcpu=cortex-m4 -std=gnu11 -g3 -DDEBUG -DUSE_HAL_DRIVER -DSTM32L476xx -c -I../Core/Inc -I../Drivers/STM32L4xx_HAL_Driver/Inc -I../Drivers/STM32L4xx_HAL_Driver/Inc/Legacy -I../Drivers/CMSIS/Device/ST/STM32L4xx/Include -I../Drivers/CMSIS/Include -O0 -ffunction-sections -fdata-sections -Wall -fstack-usage -fcyclomatic-complexity -MMD -MP -MF"Core/Src/main.d" -MT"Core/Src/main.o" --specs=nano.specs -mfpu=fpv4-sp-d16 -mfloat-abi=hard -mthumb -o "Core/Src/main.o"
../Core/Src/main.c: In function 'main':
../Core/Src/main.c:128:7: warning: unused variable 'DATA_REGISTER' [-Wunused-variable]
  128 |   int DATA_REGISTER = 1;
      |       ^~~~~~~~~~~~~
../Core/Src/main.c:125:8: warning: unused variable 'INSTRCTION_CLEAR_DISPLAY' [-Wunused-variable]
  125 |   char INSTRCTION_CLEAR_DISPLAY = 0b00000001;
      |        ^~~~~~~~~~~~~~~~~~~~~~~~
arm-none-eabi-gcc -o "LCD_16X2_Driver.elf" @"objects.list"   -mcpu=cortex-m4 -T"C:\Users\artur\Desktop\LCD_16X2_Driver\LCD_16X2_Driver\STM32L476RGTX_FLASH.ld" --specs=nosys.specs -Wl,-Map="LCD_16X2_Driver.map" -Wl,--gc-sections -static --specs=nano.specs -mfpu=fpv4-sp-d16 -mfloat-abi=hard -mthumb -Wl,--start-group -lc -lm -Wl,--end-group
Finished building target: LCD_16X2_Driver.elf
 
arm-none-eabi-size   LCD_16X2_Driver.elf 
arm-none-eabi-objdump -h -S  LCD_16X2_Driver.elf  > "LCD_16X2_Driver.list"
   text	   data	    bss	    dec	    hex	filename
  12604	     20	   1700	  14324	   37f4	LCD_16X2_Driver.elf
Finished building: default.size.stdout
 
Finished building: LCD_16X2_Driver.list
 
20:51:28 **** Incremental Build of configuration Debug for project LCD_16X2_Driver ****
make -j8 all 
arm-none-eabi-gcc "../Core/Src/main.c" -mcpu=cortex-m4 -std=gnu11 -g3 -DDEBUG -DUSE_HAL_DRIVER -DSTM32L476xx -c -I../Core/Inc -I../Drivers/STM32L4xx_HAL_Driver/Inc -I../Drivers/STM32L4xx_HAL_Driver/Inc/Legacy -I../Drivers/CMSIS/Device/ST/STM32L4xx/Include -I../Drivers/CMSIS/Include -O0 -ffunction-sections -fdata-sections -Wall -fstack-usage -fcyclomatic-complexity -MMD -MP -MF"Core/Src/main.d" -MT"Core/Src/main.o" --specs=nano.specs -mfpu=fpv4-sp-d16 -mfloat-abi=hard -mthumb -o "Core/Src/main.o"
../Core/Src/main.c: In function 'main':
../Core/Src/main.c:130:7: warning: unused variable 'DATA_REGISTER' [-Wunused-variable]
  130 |   int DATA_REGISTER = 1;
      |       ^~~~~~~~~~~~~
../Core/Src/main.c:127:8: warning: unused variable 'INSTRCTION_CLEAR_DISPLAY' [-Wunused-variable]
  127 |   char INSTRCTION_CLEAR_DISPLAY = 0b00000001;
      |        ^~~~~~~~~~~~~~~~~~~~~~~~
arm-none-eabi-gcc -o "LCD_16X2_Driver.elf" @"objects.list"   -mcpu=cortex-m4 -T"C:\Users\artur\Desktop\LCD_16X2_Driver\LCD_16X2_Driver\STM32L476RGTX_FLASH.ld" --specs=nosys.specs -Wl,-Map="LCD_16X2_Driver.map" -Wl,--gc-sections -static --specs=nano.specs -mfpu=fpv4-sp-d16 -mfloat-abi=hard -mthumb -Wl,--start-group -lc -lm -Wl,--end-group
Finished building target: LCD_16X2_Driver.elf
 
arm-none-eabi-size   LCD_16X2_Driver.elf 
arm-none-eabi-objdump -h -S  LCD_16X2_Driver.elf  > "LCD_16X2_Driver.list"
   text	   data	    bss	    dec	    hex	filename
  12620	     20	   1700	  14340	   3804	LCD_16X2_Driver.elf
Finished building: default.size.stdout
 
Finished building: LCD_16X2_Driver.list
 
20:53:51 **** Incremental Build of configuration Debug for project LCD_16X2_Driver ****
make -j8 all 
arm-none-eabi-gcc "../Core/Src/main.c" -mcpu=cortex-m4 -std=gnu11 -g3 -DDEBUG -DUSE_HAL_DRIVER -DSTM32L476xx -c -I../Core/Inc -I../Drivers/STM32L4xx_HAL_Driver/Inc -I../Drivers/STM32L4xx_HAL_Driver/Inc/Legacy -I../Drivers/CMSIS/Device/ST/STM32L4xx/Include -I../Drivers/CMSIS/Include -O0 -ffunction-sections -fdata-sections -Wall -fstack-usage -fcyclomatic-complexity -MMD -MP -MF"Core/Src/main.d" -MT"Core/Src/main.o" --specs=nano.specs -mfpu=fpv4-sp-d16 -mfloat-abi=hard -mthumb -o "Core/Src/main.o"
../Core/Src/main.c: In function 'main':
../Core/Src/main.c:130:7: warning: unused variable 'DATA_REGISTER' [-Wunused-variable]
  130 |   int DATA_REGISTER = 1;
      |       ^~~~~~~~~~~~~
../Core/Src/main.c:127:8: warning: unused variable 'INSTRCTION_CLEAR_DISPLAY' [-Wunused-variable]
  127 |   char INSTRCTION_CLEAR_DISPLAY = 0b00000001;
      |        ^~~~~~~~~~~~~~~~~~~~~~~~
arm-none-eabi-gcc -o "LCD_16X2_Driver.elf" @"objects.list"   -mcpu=cortex-m4 -T"C:\Users\artur\Desktop\LCD_16X2_Driver\LCD_16X2_Driver\STM32L476RGTX_FLASH.ld" --specs=nosys.specs -Wl,-Map="LCD_16X2_Driver.map" -Wl,--gc-sections -static --specs=nano.specs -mfpu=fpv4-sp-d16 -mfloat-abi=hard -mthumb -Wl,--start-group -lc -lm -Wl,--end-group
Finished building target: LCD_16X2_Driver.elf
 
arm-none-eabi-size   LCD_16X2_Driver.elf 
arm-none-eabi-objdump -h -S  LCD_16X2_Driver.elf  > "LCD_16X2_Driver.list"
   text	   data	    bss	    dec	    hex	filename
  12620	     20	   1700	  14340	   3804	LCD_16X2_Driver.elf
Finished building: default.size.stdout
 
Finished building: LCD_16X2_Driver.list
 
20:57:30 **** Incremental Build of configuration Debug for project LCD_16X2_Driver ****
make -j8 all 
arm-none-eabi-gcc "../Core/Src/main.c" -mcpu=cortex-m4 -std=gnu11 -g3 -DDEBUG -DUSE_HAL_DRIVER -DSTM32L476xx -c -I../Core/Inc -I../Drivers/STM32L4xx_HAL_Driver/Inc -I../Drivers/STM32L4xx_HAL_Driver/Inc/Legacy -I../Drivers/CMSIS/Device/ST/STM32L4xx/Include -I../Drivers/CMSIS/Include -O0 -ffunction-sections -fdata-sections -Wall -fstack-usage -fcyclomatic-complexity -MMD -MP -MF"Core/Src/main.d" -MT"Core/Src/main.o" --specs=nano.specs -mfpu=fpv4-sp-d16 -mfloat-abi=hard -mthumb -o "Core/Src/main.o"
../Core/Src/main.c: In function 'main':
../Core/Src/main.c:148:7: warning: unused variable 'DATA_REGISTER' [-Wunused-variable]
  148 |   int DATA_REGISTER = 1;
      |       ^~~~~~~~~~~~~
../Core/Src/main.c:145:8: warning: unused variable 'INSTRCTION_CLEAR_DISPLAY' [-Wunused-variable]
  145 |   char INSTRCTION_CLEAR_DISPLAY = 0b00000001;
      |        ^~~~~~~~~~~~~~~~~~~~~~~~
arm-none-eabi-gcc -o "LCD_16X2_Driver.elf" @"objects.list"   -mcpu=cortex-m4 -T"C:\Users\artur\Desktop\LCD_16X2_Driver\LCD_16X2_Driver\STM32L476RGTX_FLASH.ld" --specs=nosys.specs -Wl,-Map="LCD_16X2_Driver.map" -Wl,--gc-sections -static --specs=nano.specs -mfpu=fpv4-sp-d16 -mfloat-abi=hard -mthumb -Wl,--start-group -lc -lm -Wl,--end-group
Finished building target: LCD_16X2_Driver.elf
 
arm-none-eabi-size   LCD_16X2_Driver.elf 
arm-none-eabi-objdump -h -S  LCD_16X2_Driver.elf  > "LCD_16X2_Driver.list"
   text	   data	    bss	    dec	    hex	filename
  12792	     20	   1700	  14512	   38b0	LCD_16X2_Driver.elf
Finished building: default.size.stdout
 
Finished building: LCD_16X2_Driver.list
 
20:58:05 **** Incremental Build of configuration Debug for project LCD_16X2_Driver ****
make -j8 all 
arm-none-eabi-size   LCD_16X2_Driver.elf 
   text	   data	    bss	    dec	    hex	filename
  12792	     20	   1700	  14512	   38b0	LCD_16X2_Driver.elf
Finished building: default.size.stdout
 
20:59:42 **** Incremental Build of configuration Debug for project LCD_16X2_Driver ****
make -j8 all 
arm-none-eabi-gcc "../Core/Src/main.c" -mcpu=cortex-m4 -std=gnu11 -g3 -DDEBUG -DUSE_HAL_DRIVER -DSTM32L476xx -c -I../Core/Inc -I../Drivers/STM32L4xx_HAL_Driver/Inc -I../Drivers/STM32L4xx_HAL_Driver/Inc/Legacy -I../Drivers/CMSIS/Device/ST/STM32L4xx/Include -I../Drivers/CMSIS/Include -O0 -ffunction-sections -fdata-sections -Wall -fstack-usage -fcyclomatic-complexity -MMD -MP -MF"Core/Src/main.d" -MT"Core/Src/main.o" --specs=nano.specs -mfpu=fpv4-sp-d16 -mfloat-abi=hard -mthumb -o "Core/Src/main.o"
../Core/Src/main.c: In function 'main':
../Core/Src/main.c:149:7: warning: unused variable 'DATA_REGISTER' [-Wunused-variable]
  149 |   int DATA_REGISTER = 1;
      |       ^~~~~~~~~~~~~
../Core/Src/main.c:146:8: warning: unused variable 'INSTRCTION_CLEAR_DISPLAY' [-Wunused-variable]
  146 |   char INSTRCTION_CLEAR_DISPLAY = 0b00000001;
      |        ^~~~~~~~~~~~~~~~~~~~~~~~
arm-none-eabi-gcc -o "LCD_16X2_Driver.elf" @"objects.list"   -mcpu=cortex-m4 -T"C:\Users\artur\Desktop\LCD_16X2_Driver\LCD_16X2_Driver\STM32L476RGTX_FLASH.ld" --specs=nosys.specs -Wl,-Map="LCD_16X2_Driver.map" -Wl,--gc-sections -static --specs=nano.specs -mfpu=fpv4-sp-d16 -mfloat-abi=hard -mthumb -Wl,--start-group -lc -lm -Wl,--end-group
Finished building target: LCD_16X2_Driver.elf
 
arm-none-eabi-size   LCD_16X2_Driver.elf 
arm-none-eabi-objdump -h -S  LCD_16X2_Driver.elf  > "LCD_16X2_Driver.list"
   text	   data	    bss	    dec	    hex	filename
  12800	     20	   1700	  14520	   38b8	LCD_16X2_Driver.elf
Finished building: default.size.stdout
 
Finished building: LCD_16X2_Driver.list
 
21:02:59 **** Incremental Build of configuration Debug for project LCD_16X2_Driver ****
make -j8 all 
arm-none-eabi-gcc "../Core/Src/main.c" -mcpu=cortex-m4 -std=gnu11 -g3 -DDEBUG -DUSE_HAL_DRIVER -DSTM32L476xx -c -I../Core/Inc -I../Drivers/STM32L4xx_HAL_Driver/Inc -I../Drivers/STM32L4xx_HAL_Driver/Inc/Legacy -I../Drivers/CMSIS/Device/ST/STM32L4xx/Include -I../Drivers/CMSIS/Include -O0 -ffunction-sections -fdata-sections -Wall -fstack-usage -fcyclomatic-complexity -MMD -MP -MF"Core/Src/main.d" -MT"Core/Src/main.o" --specs=nano.specs -mfpu=fpv4-sp-d16 -mfloat-abi=hard -mthumb -o "Core/Src/main.o"
../Core/Src/main.c: In function 'main':
../Core/Src/main.c:149:7: warning: unused variable 'DATA_REGISTER' [-Wunused-variable]
  149 |   int DATA_REGISTER = 1;
      |       ^~~~~~~~~~~~~
../Core/Src/main.c:146:8: warning: unused variable 'INSTRCTION_CLEAR_DISPLAY' [-Wunused-variable]
  146 |   char INSTRCTION_CLEAR_DISPLAY = 0b00000001;
      |        ^~~~~~~~~~~~~~~~~~~~~~~~
arm-none-eabi-gcc -o "LCD_16X2_Driver.elf" @"objects.list"   -mcpu=cortex-m4 -T"C:\Users\artur\Desktop\LCD_16X2_Driver\LCD_16X2_Driver\STM32L476RGTX_FLASH.ld" --specs=nosys.specs -Wl,-Map="LCD_16X2_Driver.map" -Wl,--gc-sections -static --specs=nano.specs -mfpu=fpv4-sp-d16 -mfloat-abi=hard -mthumb -Wl,--start-group -lc -lm -Wl,--end-group
Finished building target: LCD_16X2_Driver.elf
 
arm-none-eabi-size   LCD_16X2_Driver.elf 
arm-none-eabi-objdump -h -S  LCD_16X2_Driver.elf  > "LCD_16X2_Driver.list"
   text	   data	    bss	    dec	    hex	filename
  12800	     20	   1700	  14520	   38b8	LCD_16X2_Driver.elf
Finished building: default.size.stdout
 
Finished building: LCD_16X2_Driver.list
 
21:03:29 **** Incremental Build of configuration Debug for project LCD_16X2_Driver ****
make -j8 all 
arm-none-eabi-gcc "../Core/Src/main.c" -mcpu=cortex-m4 -std=gnu11 -g3 -DDEBUG -DUSE_HAL_DRIVER -DSTM32L476xx -c -I../Core/Inc -I../Drivers/STM32L4xx_HAL_Driver/Inc -I../Drivers/STM32L4xx_HAL_Driver/Inc/Legacy -I../Drivers/CMSIS/Device/ST/STM32L4xx/Include -I../Drivers/CMSIS/Include -O0 -ffunction-sections -fdata-sections -Wall -fstack-usage -fcyclomatic-complexity -MMD -MP -MF"Core/Src/main.d" -MT"Core/Src/main.o" --specs=nano.specs -mfpu=fpv4-sp-d16 -mfloat-abi=hard -mthumb -o "Core/Src/main.o"
../Core/Src/main.c: In function 'main':
../Core/Src/main.c:148:7: warning: unused variable 'DATA_REGISTER' [-Wunused-variable]
  148 |   int DATA_REGISTER = 1;
      |       ^~~~~~~~~~~~~
../Core/Src/main.c:145:8: warning: unused variable 'INSTRCTION_CLEAR_DISPLAY' [-Wunused-variable]
  145 |   char INSTRCTION_CLEAR_DISPLAY = 0b00000001;
      |        ^~~~~~~~~~~~~~~~~~~~~~~~
arm-none-eabi-gcc -o "LCD_16X2_Driver.elf" @"objects.list"   -mcpu=cortex-m4 -T"C:\Users\artur\Desktop\LCD_16X2_Driver\LCD_16X2_Driver\STM32L476RGTX_FLASH.ld" --specs=nosys.specs -Wl,-Map="LCD_16X2_Driver.map" -Wl,--gc-sections -static --specs=nano.specs -mfpu=fpv4-sp-d16 -mfloat-abi=hard -mthumb -Wl,--start-group -lc -lm -Wl,--end-group
Finished building target: LCD_16X2_Driver.elf
 
arm-none-eabi-size   LCD_16X2_Driver.elf 
arm-none-eabi-objdump -h -S  LCD_16X2_Driver.elf  > "LCD_16X2_Driver.list"
   text	   data	    bss	    dec	    hex	filename
  12792	     20	   1700	  14512	   38b0	LCD_16X2_Driver.elf
Finished building: default.size.stdout
 
Finished building: LCD_16X2_Driver.list
 
21:03:37 **** Incremental Build of configuration Debug for project LCD_16X2_Driver ****
make -j8 all 
arm-none-eabi-size   LCD_16X2_Driver.elf 
   text	   data	    bss	    dec	    hex	filename
  12792	     20	   1700	  14512	   38b0	LCD_16X2_Driver.elf
Finished building: default.size.stdout
 
21:05:36 **** Incremental Build of configuration Debug for project LCD_16X2_Driver ****
make -j8 all 
arm-none-eabi-size   LCD_16X2_Driver.elf 
   text	   data	    bss	    dec	    hex	filename
  12792	     20	   1700	  14512	   38b0	LCD_16X2_Driver.elf
Finished building: default.size.stdout
 
21:08:48 **** Incremental Build of configuration Debug for project LCD_16X2_Driver ****
make -j8 all 
arm-none-eabi-gcc "../Core/Src/main.c" -mcpu=cortex-m4 -std=gnu11 -g3 -DDEBUG -DUSE_HAL_DRIVER -DSTM32L476xx -c -I../Core/Inc -I../Drivers/STM32L4xx_HAL_Driver/Inc -I../Drivers/STM32L4xx_HAL_Driver/Inc/Legacy -I../Drivers/CMSIS/Device/ST/STM32L4xx/Include -I../Drivers/CMSIS/Include -O0 -ffunction-sections -fdata-sections -Wall -fstack-usage -fcyclomatic-complexity -MMD -MP -MF"Core/Src/main.d" -MT"Core/Src/main.o" --specs=nano.specs -mfpu=fpv4-sp-d16 -mfloat-abi=hard -mthumb -o "Core/Src/main.o"
../Core/Src/main.c: In function 'main':
../Core/Src/main.c:148:7: warning: unused variable 'DATA_REGISTER' [-Wunused-variable]
  148 |   int DATA_REGISTER = 1;
      |       ^~~~~~~~~~~~~
../Core/Src/main.c:145:8: warning: unused variable 'INSTRCTION_CLEAR_DISPLAY' [-Wunused-variable]
  145 |   char INSTRCTION_CLEAR_DISPLAY = 0b00000001;
      |        ^~~~~~~~~~~~~~~~~~~~~~~~
arm-none-eabi-gcc -o "LCD_16X2_Driver.elf" @"objects.list"   -mcpu=cortex-m4 -T"C:\Users\artur\Desktop\LCD_16X2_Driver\LCD_16X2_Driver\STM32L476RGTX_FLASH.ld" --specs=nosys.specs -Wl,-Map="LCD_16X2_Driver.map" -Wl,--gc-sections -static --specs=nano.specs -mfpu=fpv4-sp-d16 -mfloat-abi=hard -mthumb -Wl,--start-group -lc -lm -Wl,--end-group
Finished building target: LCD_16X2_Driver.elf
 
arm-none-eabi-size   LCD_16X2_Driver.elf 
arm-none-eabi-objdump -h -S  LCD_16X2_Driver.elf  > "LCD_16X2_Driver.list"
   text	   data	    bss	    dec	    hex	filename
  12792	     20	   1700	  14512	   38b0	LCD_16X2_Driver.elf
Finished building: default.size.stdout
 
Finished building: LCD_16X2_Driver.list
 
21:09:42 **** Incremental Build of configuration Debug for project LCD_16X2_Driver ****
make -j8 all 
arm-none-eabi-gcc "../Core/Src/main.c" -mcpu=cortex-m4 -std=gnu11 -g3 -DDEBUG -DUSE_HAL_DRIVER -DSTM32L476xx -c -I../Core/Inc -I../Drivers/STM32L4xx_HAL_Driver/Inc -I../Drivers/STM32L4xx_HAL_Driver/Inc/Legacy -I../Drivers/CMSIS/Device/ST/STM32L4xx/Include -I../Drivers/CMSIS/Include -O0 -ffunction-sections -fdata-sections -Wall -fstack-usage -fcyclomatic-complexity -MMD -MP -MF"Core/Src/main.d" -MT"Core/Src/main.o" --specs=nano.specs -mfpu=fpv4-sp-d16 -mfloat-abi=hard -mthumb -o "Core/Src/main.o"
../Core/Src/main.c: In function 'main':
../Core/Src/main.c:149:7: warning: unused variable 'DATA_REGISTER' [-Wunused-variable]
  149 |   int DATA_REGISTER = 1;
      |       ^~~~~~~~~~~~~
../Core/Src/main.c:146:8: warning: unused variable 'INSTRCTION_CLEAR_DISPLAY' [-Wunused-variable]
  146 |   char INSTRCTION_CLEAR_DISPLAY = 0b00000001;
      |        ^~~~~~~~~~~~~~~~~~~~~~~~
arm-none-eabi-gcc -o "LCD_16X2_Driver.elf" @"objects.list"   -mcpu=cortex-m4 -T"C:\Users\artur\Desktop\LCD_16X2_Driver\LCD_16X2_Driver\STM32L476RGTX_FLASH.ld" --specs=nosys.specs -Wl,-Map="LCD_16X2_Driver.map" -Wl,--gc-sections -static --specs=nano.specs -mfpu=fpv4-sp-d16 -mfloat-abi=hard -mthumb -Wl,--start-group -lc -lm -Wl,--end-group
Finished building target: LCD_16X2_Driver.elf
 
arm-none-eabi-size   LCD_16X2_Driver.elf 
arm-none-eabi-objdump -h -S  LCD_16X2_Driver.elf  > "LCD_16X2_Driver.list"
   text	   data	    bss	    dec	    hex	filename
  12800	     20	   1700	  14520	   38b8	LCD_16X2_Driver.elf
Finished building: default.size.stdout
 
Finished building: LCD_16X2_Driver.list
 
21:10:43 **** Incremental Build of configuration Debug for project LCD_16X2_Driver ****
make -j8 all 
arm-none-eabi-gcc "../Core/Src/main.c" -mcpu=cortex-m4 -std=gnu11 -g3 -DDEBUG -DUSE_HAL_DRIVER -DSTM32L476xx -c -I../Core/Inc -I../Drivers/STM32L4xx_HAL_Driver/Inc -I../Drivers/STM32L4xx_HAL_Driver/Inc/Legacy -I../Drivers/CMSIS/Device/ST/STM32L4xx/Include -I../Drivers/CMSIS/Include -O0 -ffunction-sections -fdata-sections -Wall -fstack-usage -fcyclomatic-complexity -MMD -MP -MF"Core/Src/main.d" -MT"Core/Src/main.o" --specs=nano.specs -mfpu=fpv4-sp-d16 -mfloat-abi=hard -mthumb -o "Core/Src/main.o"
../Core/Src/main.c: In function 'main':
../Core/Src/main.c:158:38: warning: passing argument 2 of 'transmit_bits_to_LCD' makes integer from pointer without a cast [-Wint-conversion]
  158 |   transmit_bits_to_LCD(DATA_REGISTER,"H");
      |                                      ^~~
      |                                      |
      |                                      char *
../Core/Src/main.c:55:40: note: expected 'char' but argument is of type 'char *'
   55 | void transmit_bits_to_LCD(int RS, char DATA){
      |                                   ~~~~~^~~~
../Core/Src/main.c:146:8: warning: unused variable 'INSTRCTION_CLEAR_DISPLAY' [-Wunused-variable]
  146 |   char INSTRCTION_CLEAR_DISPLAY = 0b00000001;
      |        ^~~~~~~~~~~~~~~~~~~~~~~~
arm-none-eabi-gcc -o "LCD_16X2_Driver.elf" @"objects.list"   -mcpu=cortex-m4 -T"C:\Users\artur\Desktop\LCD_16X2_Driver\LCD_16X2_Driver\STM32L476RGTX_FLASH.ld" --specs=nosys.specs -Wl,-Map="LCD_16X2_Driver.map" -Wl,--gc-sections -static --specs=nano.specs -mfpu=fpv4-sp-d16 -mfloat-abi=hard -mthumb -Wl,--start-group -lc -lm -Wl,--end-group
Finished building target: LCD_16X2_Driver.elf
 
arm-none-eabi-size   LCD_16X2_Driver.elf 
arm-none-eabi-objdump -h -S  LCD_16X2_Driver.elf  > "LCD_16X2_Driver.list"
   text	   data	    bss	    dec	    hex	filename
  12824	     20	   1700	  14544	   38d0	LCD_16X2_Driver.elf
Finished building: default.size.stdout
 
Finished building: LCD_16X2_Driver.list
 
21:11:22 **** Incremental Build of configuration Debug for project LCD_16X2_Driver ****
make -j8 all 
arm-none-eabi-gcc "../Core/Src/main.c" -mcpu=cortex-m4 -std=gnu11 -g3 -DDEBUG -DUSE_HAL_DRIVER -DSTM32L476xx -c -I../Core/Inc -I../Drivers/STM32L4xx_HAL_Driver/Inc -I../Drivers/STM32L4xx_HAL_Driver/Inc/Legacy -I../Drivers/CMSIS/Device/ST/STM32L4xx/Include -I../Drivers/CMSIS/Include -O0 -ffunction-sections -fdata-sections -Wall -fstack-usage -fcyclomatic-complexity -MMD -MP -MF"Core/Src/main.d" -MT"Core/Src/main.o" --specs=nano.specs -mfpu=fpv4-sp-d16 -mfloat-abi=hard -mthumb -o "Core/Src/main.o"
../Core/Src/main.c: In function 'main':
../Core/Src/main.c:146:8: warning: unused variable 'INSTRCTION_CLEAR_DISPLAY' [-Wunused-variable]
  146 |   char INSTRCTION_CLEAR_DISPLAY = 0b00000001;
      |        ^~~~~~~~~~~~~~~~~~~~~~~~
arm-none-eabi-gcc -o "LCD_16X2_Driver.elf" @"objects.list"   -mcpu=cortex-m4 -T"C:\Users\artur\Desktop\LCD_16X2_Driver\LCD_16X2_Driver\STM32L476RGTX_FLASH.ld" --specs=nosys.specs -Wl,-Map="LCD_16X2_Driver.map" -Wl,--gc-sections -static --specs=nano.specs -mfpu=fpv4-sp-d16 -mfloat-abi=hard -mthumb -Wl,--start-group -lc -lm -Wl,--end-group
Finished building target: LCD_16X2_Driver.elf
 
arm-none-eabi-size   LCD_16X2_Driver.elf 
arm-none-eabi-objdump -h -S  LCD_16X2_Driver.elf  > "LCD_16X2_Driver.list"
   text	   data	    bss	    dec	    hex	filename
  12808	     20	   1700	  14528	   38c0	LCD_16X2_Driver.elf
Finished building: default.size.stdout
 
Finished building: LCD_16X2_Driver.list
 
21:12:09 **** Incremental Build of configuration Debug for project LCD_16X2_Driver ****
make -j8 all 
arm-none-eabi-gcc "../Core/Src/main.c" -mcpu=cortex-m4 -std=gnu11 -g3 -DDEBUG -DUSE_HAL_DRIVER -DSTM32L476xx -c -I../Core/Inc -I../Drivers/STM32L4xx_HAL_Driver/Inc -I../Drivers/STM32L4xx_HAL_Driver/Inc/Legacy -I../Drivers/CMSIS/Device/ST/STM32L4xx/Include -I../Drivers/CMSIS/Include -O0 -ffunction-sections -fdata-sections -Wall -fstack-usage -fcyclomatic-complexity -MMD -MP -MF"Core/Src/main.d" -MT"Core/Src/main.o" --specs=nano.specs -mfpu=fpv4-sp-d16 -mfloat-abi=hard -mthumb -o "Core/Src/main.o"
../Core/Src/main.c: In function 'main':
../Core/Src/main.c:146:8: warning: unused variable 'INSTRCTION_CLEAR_DISPLAY' [-Wunused-variable]
  146 |   char INSTRCTION_CLEAR_DISPLAY = 0b00000001;
      |        ^~~~~~~~~~~~~~~~~~~~~~~~
arm-none-eabi-gcc -o "LCD_16X2_Driver.elf" @"objects.list"   -mcpu=cortex-m4 -T"C:\Users\artur\Desktop\LCD_16X2_Driver\LCD_16X2_Driver\STM32L476RGTX_FLASH.ld" --specs=nosys.specs -Wl,-Map="LCD_16X2_Driver.map" -Wl,--gc-sections -static --specs=nano.specs -mfpu=fpv4-sp-d16 -mfloat-abi=hard -mthumb -Wl,--start-group -lc -lm -Wl,--end-group
Finished building target: LCD_16X2_Driver.elf
 
arm-none-eabi-size   LCD_16X2_Driver.elf 
arm-none-eabi-objdump -h -S  LCD_16X2_Driver.elf  > "LCD_16X2_Driver.list"
   text	   data	    bss	    dec	    hex	filename
  12832	     20	   1700	  14552	   38d8	LCD_16X2_Driver.elf
Finished building: default.size.stdout
 
Finished building: LCD_16X2_Driver.list
 
21:13:38 **** Incremental Build of configuration Debug for project LCD_16X2_Driver ****
make -j8 all 
arm-none-eabi-gcc "../Core/Src/main.c" -mcpu=cortex-m4 -std=gnu11 -g3 -DDEBUG -DUSE_HAL_DRIVER -DSTM32L476xx -c -I../Core/Inc -I../Drivers/STM32L4xx_HAL_Driver/Inc -I../Drivers/STM32L4xx_HAL_Driver/Inc/Legacy -I../Drivers/CMSIS/Device/ST/STM32L4xx/Include -I../Drivers/CMSIS/Include -O0 -ffunction-sections -fdata-sections -Wall -fstack-usage -fcyclomatic-complexity -MMD -MP -MF"Core/Src/main.d" -MT"Core/Src/main.o" --specs=nano.specs -mfpu=fpv4-sp-d16 -mfloat-abi=hard -mthumb -o "Core/Src/main.o"
../Core/Src/main.c: In function 'main':
../Core/Src/main.c:146:8: warning: unused variable 'INSTRCTION_CLEAR_DISPLAY' [-Wunused-variable]
  146 |   char INSTRCTION_CLEAR_DISPLAY = 0b00000001;
      |        ^~~~~~~~~~~~~~~~~~~~~~~~
arm-none-eabi-gcc -o "LCD_16X2_Driver.elf" @"objects.list"   -mcpu=cortex-m4 -T"C:\Users\artur\Desktop\LCD_16X2_Driver\LCD_16X2_Driver\STM32L476RGTX_FLASH.ld" --specs=nosys.specs -Wl,-Map="LCD_16X2_Driver.map" -Wl,--gc-sections -static --specs=nano.specs -mfpu=fpv4-sp-d16 -mfloat-abi=hard -mthumb -Wl,--start-group -lc -lm -Wl,--end-group
Finished building target: LCD_16X2_Driver.elf
 
arm-none-eabi-size   LCD_16X2_Driver.elf 
arm-none-eabi-objdump -h -S  LCD_16X2_Driver.elf  > "LCD_16X2_Driver.list"
   text	   data	    bss	    dec	    hex	filename
  12832	     20	   1700	  14552	   38d8	LCD_16X2_Driver.elf
Finished building: default.size.stdout
 
Finished building: LCD_16X2_Driver.list
 
21:14:44 **** Incremental Build of configuration Debug for project LCD_16X2_Driver ****
make -j8 all 
arm-none-eabi-gcc "../Core/Src/main.c" -mcpu=cortex-m4 -std=gnu11 -g3 -DDEBUG -DUSE_HAL_DRIVER -DSTM32L476xx -c -I../Core/Inc -I../Drivers/STM32L4xx_HAL_Driver/Inc -I../Drivers/STM32L4xx_HAL_Driver/Inc/Legacy -I../Drivers/CMSIS/Device/ST/STM32L4xx/Include -I../Drivers/CMSIS/Include -O0 -ffunction-sections -fdata-sections -Wall -fstack-usage -fcyclomatic-complexity -MMD -MP -MF"Core/Src/main.d" -MT"Core/Src/main.o" --specs=nano.specs -mfpu=fpv4-sp-d16 -mfloat-abi=hard -mthumb -o "Core/Src/main.o"
../Core/Src/main.c: In function 'main':
../Core/Src/main.c:146:8: warning: unused variable 'INSTRCTION_CLEAR_DISPLAY' [-Wunused-variable]
  146 |   char INSTRCTION_CLEAR_DISPLAY = 0b00000001;
      |        ^~~~~~~~~~~~~~~~~~~~~~~~
../Core/Src/main.c:145:8: warning: unused variable 'INSTRCTION_RETURN_TO_1STLINE' [-Wunused-variable]
  145 |   char INSTRCTION_RETURN_TO_1STLINE = 0b00000010;
      |        ^~~~~~~~~~~~~~~~~~~~~~~~~~~~
arm-none-eabi-gcc -o "LCD_16X2_Driver.elf" @"objects.list"   -mcpu=cortex-m4 -T"C:\Users\artur\Desktop\LCD_16X2_Driver\LCD_16X2_Driver\STM32L476RGTX_FLASH.ld" --specs=nosys.specs -Wl,-Map="LCD_16X2_Driver.map" -Wl,--gc-sections -static --specs=nano.specs -mfpu=fpv4-sp-d16 -mfloat-abi=hard -mthumb -Wl,--start-group -lc -lm -Wl,--end-group
Finished building target: LCD_16X2_Driver.elf
 
arm-none-eabi-size   LCD_16X2_Driver.elf 
arm-none-eabi-objdump -h -S  LCD_16X2_Driver.elf  > "LCD_16X2_Driver.list"
   text	   data	    bss	    dec	    hex	filename
  12824	     20	   1700	  14544	   38d0	LCD_16X2_Driver.elf
Finished building: default.size.stdout
 
Finished building: LCD_16X2_Driver.list
 
21:15:48 **** Incremental Build of configuration Debug for project LCD_16X2_Driver ****
make -j8 all 
arm-none-eabi-gcc "../Core/Src/main.c" -mcpu=cortex-m4 -std=gnu11 -g3 -DDEBUG -DUSE_HAL_DRIVER -DSTM32L476xx -c -I../Core/Inc -I../Drivers/STM32L4xx_HAL_Driver/Inc -I../Drivers/STM32L4xx_HAL_Driver/Inc/Legacy -I../Drivers/CMSIS/Device/ST/STM32L4xx/Include -I../Drivers/CMSIS/Include -O0 -ffunction-sections -fdata-sections -Wall -fstack-usage -fcyclomatic-complexity -MMD -MP -MF"Core/Src/main.d" -MT"Core/Src/main.o" --specs=nano.specs -mfpu=fpv4-sp-d16 -mfloat-abi=hard -mthumb -o "Core/Src/main.o"
../Core/Src/main.c: In function 'main':
../Core/Src/main.c:145:8: warning: unused variable 'INSTRCTION_RETURN_TO_1STLINE' [-Wunused-variable]
  145 |   char INSTRCTION_RETURN_TO_1STLINE = 0b00000010;
      |        ^~~~~~~~~~~~~~~~~~~~~~~~~~~~
arm-none-eabi-gcc -o "LCD_16X2_Driver.elf" @"objects.list"   -mcpu=cortex-m4 -T"C:\Users\artur\Desktop\LCD_16X2_Driver\LCD_16X2_Driver\STM32L476RGTX_FLASH.ld" --specs=nosys.specs -Wl,-Map="LCD_16X2_Driver.map" -Wl,--gc-sections -static --specs=nano.specs -mfpu=fpv4-sp-d16 -mfloat-abi=hard -mthumb -Wl,--start-group -lc -lm -Wl,--end-group
Finished building target: LCD_16X2_Driver.elf
 
arm-none-eabi-size   LCD_16X2_Driver.elf 
arm-none-eabi-objdump -h -S  LCD_16X2_Driver.elf  > "LCD_16X2_Driver.list"
   text	   data	    bss	    dec	    hex	filename
  12840	     20	   1700	  14560	   38e0	LCD_16X2_Driver.elf
Finished building: default.size.stdout
 
Finished building: LCD_16X2_Driver.list
 
21:16:48 **** Incremental Build of configuration Debug for project LCD_16X2_Driver ****
make -j8 all 
arm-none-eabi-gcc "../Core/Src/main.c" -mcpu=cortex-m4 -std=gnu11 -g3 -DDEBUG -DUSE_HAL_DRIVER -DSTM32L476xx -c -I../Core/Inc -I../Drivers/STM32L4xx_HAL_Driver/Inc -I../Drivers/STM32L4xx_HAL_Driver/Inc/Legacy -I../Drivers/CMSIS/Device/ST/STM32L4xx/Include -I../Drivers/CMSIS/Include -O0 -ffunction-sections -fdata-sections -Wall -fstack-usage -fcyclomatic-complexity -MMD -MP -MF"Core/Src/main.d" -MT"Core/Src/main.o" --specs=nano.specs -mfpu=fpv4-sp-d16 -mfloat-abi=hard -mthumb -o "Core/Src/main.o"
../Core/Src/main.c: In function 'main':
../Core/Src/main.c:146:8: warning: unused variable 'INSTRCTION_CLEAR_DISPLAY' [-Wunused-variable]
  146 |   char INSTRCTION_CLEAR_DISPLAY = 0b00000001;
      |        ^~~~~~~~~~~~~~~~~~~~~~~~
../Core/Src/main.c:145:8: warning: unused variable 'INSTRCTION_RETURN_TO_1STLINE' [-Wunused-variable]
  145 |   char INSTRCTION_RETURN_TO_1STLINE = 0b00000010;
      |        ^~~~~~~~~~~~~~~~~~~~~~~~~~~~
arm-none-eabi-gcc -o "LCD_16X2_Driver.elf" @"objects.list"   -mcpu=cortex-m4 -T"C:\Users\artur\Desktop\LCD_16X2_Driver\LCD_16X2_Driver\STM32L476RGTX_FLASH.ld" --specs=nosys.specs -Wl,-Map="LCD_16X2_Driver.map" -Wl,--gc-sections -static --specs=nano.specs -mfpu=fpv4-sp-d16 -mfloat-abi=hard -mthumb -Wl,--start-group -lc -lm -Wl,--end-group
Finished building target: LCD_16X2_Driver.elf
 
arm-none-eabi-size   LCD_16X2_Driver.elf 
arm-none-eabi-objdump -h -S  LCD_16X2_Driver.elf  > "LCD_16X2_Driver.list"
   text	   data	    bss	    dec	    hex	filename
  12832	     20	   1700	  14552	   38d8	LCD_16X2_Driver.elf
Finished building: default.size.stdout
 
Finished building: LCD_16X2_Driver.list
 
21:17:28 **** Incremental Build of configuration Debug for project LCD_16X2_Driver ****
make -j8 all 
arm-none-eabi-gcc "../Core/Src/main.c" -mcpu=cortex-m4 -std=gnu11 -g3 -DDEBUG -DUSE_HAL_DRIVER -DSTM32L476xx -c -I../Core/Inc -I../Drivers/STM32L4xx_HAL_Driver/Inc -I../Drivers/STM32L4xx_HAL_Driver/Inc/Legacy -I../Drivers/CMSIS/Device/ST/STM32L4xx/Include -I../Drivers/CMSIS/Include -O0 -ffunction-sections -fdata-sections -Wall -fstack-usage -fcyclomatic-complexity -MMD -MP -MF"Core/Src/main.d" -MT"Core/Src/main.o" --specs=nano.specs -mfpu=fpv4-sp-d16 -mfloat-abi=hard -mthumb -o "Core/Src/main.o"
../Core/Src/main.c: In function 'main':
../Core/Src/main.c:146:8: warning: unused variable 'INSTRCTION_CLEAR_DISPLAY' [-Wunused-variable]
  146 |   char INSTRCTION_CLEAR_DISPLAY = 0b00000001;
      |        ^~~~~~~~~~~~~~~~~~~~~~~~
arm-none-eabi-gcc -o "LCD_16X2_Driver.elf" @"objects.list"   -mcpu=cortex-m4 -T"C:\Users\artur\Desktop\LCD_16X2_Driver\LCD_16X2_Driver\STM32L476RGTX_FLASH.ld" --specs=nosys.specs -Wl,-Map="LCD_16X2_Driver.map" -Wl,--gc-sections -static --specs=nano.specs -mfpu=fpv4-sp-d16 -mfloat-abi=hard -mthumb -Wl,--start-group -lc -lm -Wl,--end-group
Finished building target: LCD_16X2_Driver.elf
 
arm-none-eabi-size   LCD_16X2_Driver.elf 
arm-none-eabi-objdump -h -S  LCD_16X2_Driver.elf  > "LCD_16X2_Driver.list"
   text	   data	    bss	    dec	    hex	filename
  12840	     20	   1700	  14560	   38e0	LCD_16X2_Driver.elf
Finished building: default.size.stdout
 
Finished building: LCD_16X2_Driver.list
 
21:18:00 **** Incremental Build of configuration Debug for project LCD_16X2_Driver ****
make -j8 all 
arm-none-eabi-gcc "../Core/Src/main.c" -mcpu=cortex-m4 -std=gnu11 -g3 -DDEBUG -DUSE_HAL_DRIVER -DSTM32L476xx -c -I../Core/Inc -I../Drivers/STM32L4xx_HAL_Driver/Inc -I../Drivers/STM32L4xx_HAL_Driver/Inc/Legacy -I../Drivers/CMSIS/Device/ST/STM32L4xx/Include -I../Drivers/CMSIS/Include -O0 -ffunction-sections -fdata-sections -Wall -fstack-usage -fcyclomatic-complexity -MMD -MP -MF"Core/Src/main.d" -MT"Core/Src/main.o" --specs=nano.specs -mfpu=fpv4-sp-d16 -mfloat-abi=hard -mthumb -o "Core/Src/main.o"
arm-none-eabi-gcc -o "LCD_16X2_Driver.elf" @"objects.list"   -mcpu=cortex-m4 -T"C:\Users\artur\Desktop\LCD_16X2_Driver\LCD_16X2_Driver\STM32L476RGTX_FLASH.ld" --specs=nosys.specs -Wl,-Map="LCD_16X2_Driver.map" -Wl,--gc-sections -static --specs=nano.specs -mfpu=fpv4-sp-d16 -mfloat-abi=hard -mthumb -Wl,--start-group -lc -lm -Wl,--end-group
Finished building target: LCD_16X2_Driver.elf
 
arm-none-eabi-size   LCD_16X2_Driver.elf 
arm-none-eabi-objdump -h -S  LCD_16X2_Driver.elf  > "LCD_16X2_Driver.list"
   text	   data	    bss	    dec	    hex	filename
  12852	     20	   1700	  14572	   38ec	LCD_16X2_Driver.elf
Finished building: default.size.stdout
 
Finished building: LCD_16X2_Driver.list
 
21:28:51 **** Incremental Build of configuration Debug for project LCD_16X2_Driver ****
make -j8 all 
arm-none-eabi-gcc "../Core/Src/main.c" -mcpu=cortex-m4 -std=gnu11 -g3 -DDEBUG -DUSE_HAL_DRIVER -DSTM32L476xx -c -I../Core/Inc -I../Drivers/STM32L4xx_HAL_Driver/Inc -I../Drivers/STM32L4xx_HAL_Driver/Inc/Legacy -I../Drivers/CMSIS/Device/ST/STM32L4xx/Include -I../Drivers/CMSIS/Include -O0 -ffunction-sections -fdata-sections -Wall -fstack-usage -fcyclomatic-complexity -MMD -MP -MF"Core/Src/main.d" -MT"Core/Src/main.o" --specs=nano.specs -mfpu=fpv4-sp-d16 -mfloat-abi=hard -mthumb -o "Core/Src/main.o"
arm-none-eabi-gcc -o "LCD_16X2_Driver.elf" @"objects.list"   -mcpu=cortex-m4 -T"C:\Users\artur\Desktop\LCD_16X2_Driver\LCD_16X2_Driver\STM32L476RGTX_FLASH.ld" --specs=nosys.specs -Wl,-Map="LCD_16X2_Driver.map" -Wl,--gc-sections -static --specs=nano.specs -mfpu=fpv4-sp-d16 -mfloat-abi=hard -mthumb -Wl,--start-group -lc -lm -Wl,--end-group
Finished building target: LCD_16X2_Driver.elf
 
arm-none-eabi-size   LCD_16X2_Driver.elf 
arm-none-eabi-objdump -h -S  LCD_16X2_Driver.elf  > "LCD_16X2_Driver.list"
   text	   data	    bss	    dec	    hex	filename
  12876	     20	   1700	  14596	   3904	LCD_16X2_Driver.elf
Finished building: default.size.stdout
 
Finished building: LCD_16X2_Driver.list
 
22:00:48 **** Incremental Build of configuration Debug for project LCD_16X2_Driver ****
make -j8 all 
arm-none-eabi-gcc "../Core/Src/main.c" -mcpu=cortex-m4 -std=gnu11 -g3 -DDEBUG -DUSE_HAL_DRIVER -DSTM32L476xx -c -I../Core/Inc -I../Drivers/STM32L4xx_HAL_Driver/Inc -I../Drivers/STM32L4xx_HAL_Driver/Inc/Legacy -I../Drivers/CMSIS/Device/ST/STM32L4xx/Include -I../Drivers/CMSIS/Include -O0 -ffunction-sections -fdata-sections -Wall -fstack-usage -fcyclomatic-complexity -MMD -MP -MF"Core/Src/main.d" -MT"Core/Src/main.o" --specs=nano.specs -mfpu=fpv4-sp-d16 -mfloat-abi=hard -mthumb -o "Core/Src/main.o"
../Core/Src/main.c: In function 'main':
../Core/Src/main.c:154:11: warning: unused variable 'DATA_REGISTER' [-Wunused-variable]
  154 |   uint8_t DATA_REGISTER = 1;
      |           ^~~~~~~~~~~~~
../Core/Src/main.c:151:8: warning: unused variable 'INSTRCTION_CLEAR_DISPLAY' [-Wunused-variable]
  151 |   char INSTRCTION_CLEAR_DISPLAY = 0b00000001;
      |        ^~~~~~~~~~~~~~~~~~~~~~~~
arm-none-eabi-gcc -o "LCD_16X2_Driver.elf" @"objects.list"   -mcpu=cortex-m4 -T"C:\Users\artur\Desktop\LCD_16X2_Driver\LCD_16X2_Driver\STM32L476RGTX_FLASH.ld" --specs=nosys.specs -Wl,-Map="LCD_16X2_Driver.map" -Wl,--gc-sections -static --specs=nano.specs -mfpu=fpv4-sp-d16 -mfloat-abi=hard -mthumb -Wl,--start-group -lc -lm -Wl,--end-group
Finished building target: LCD_16X2_Driver.elf
 
arm-none-eabi-size   LCD_16X2_Driver.elf 
arm-none-eabi-objdump -h -S  LCD_16X2_Driver.elf  > "LCD_16X2_Driver.list"
   text	   data	    bss	    dec	    hex	filename
  12892	     20	   1700	  14612	   3914	LCD_16X2_Driver.elf
Finished building: default.size.stdout
 
Finished building: LCD_16X2_Driver.list
 
22:01:29 **** Incremental Build of configuration Debug for project LCD_16X2_Driver ****
make -j8 all 
arm-none-eabi-gcc "../Core/Src/main.c" -mcpu=cortex-m4 -std=gnu11 -g3 -DDEBUG -DUSE_HAL_DRIVER -DSTM32L476xx -c -I../Core/Inc -I../Drivers/STM32L4xx_HAL_Driver/Inc -I../Drivers/STM32L4xx_HAL_Driver/Inc/Legacy -I../Drivers/CMSIS/Device/ST/STM32L4xx/Include -I../Drivers/CMSIS/Include -O0 -ffunction-sections -fdata-sections -Wall -fstack-usage -fcyclomatic-complexity -MMD -MP -MF"Core/Src/main.d" -MT"Core/Src/main.o" --specs=nano.specs -mfpu=fpv4-sp-d16 -mfloat-abi=hard -mthumb -o "Core/Src/main.o"
../Core/Src/main.c: In function 'main':
../Core/Src/main.c:155:11: warning: unused variable 'DATA_REGISTER' [-Wunused-variable]
  155 |   uint8_t DATA_REGISTER = 1;
      |           ^~~~~~~~~~~~~
../Core/Src/main.c:152:8: warning: unused variable 'INSTRCTION_CLEAR_DISPLAY' [-Wunused-variable]
  152 |   char INSTRCTION_CLEAR_DISPLAY = 0b00000001;
      |        ^~~~~~~~~~~~~~~~~~~~~~~~
arm-none-eabi-gcc -o "LCD_16X2_Driver.elf" @"objects.list"   -mcpu=cortex-m4 -T"C:\Users\artur\Desktop\LCD_16X2_Driver\LCD_16X2_Driver\STM32L476RGTX_FLASH.ld" --specs=nosys.specs -Wl,-Map="LCD_16X2_Driver.map" -Wl,--gc-sections -static --specs=nano.specs -mfpu=fpv4-sp-d16 -mfloat-abi=hard -mthumb -Wl,--start-group -lc -lm -Wl,--end-group
Finished building target: LCD_16X2_Driver.elf
 
arm-none-eabi-size   LCD_16X2_Driver.elf 
arm-none-eabi-objdump -h -S  LCD_16X2_Driver.elf  > "LCD_16X2_Driver.list"
   text	   data	    bss	    dec	    hex	filename
  12900	     20	   1700	  14620	   391c	LCD_16X2_Driver.elf
Finished building: default.size.stdout
 
Finished building: LCD_16X2_Driver.list
 
